[shiro-weixin-spring-boot-starter/2.3.x] 失败 - 分支切换失败
[[1;34mINFO[m] Scanning for projects...
[[1;34mINFO[m] 
[[1;34mINFO[m] [1m---------< [0;36mio.github.hiwepy:shiro-weixin-spring-boot-starter[0;1m >---------[m
[[1;34mINFO[m] [1mBuilding io.github.hiwepy:shiro-weixin-spring-boot-starter 4.0.x.20251227-SNAPSHOT[m
[[1;34mINFO[m] [1m--------------------------------[ jar ]---------------------------------[m
Downloading from aiban-tianyin-core: https://aiban-maven.pkg.coding.net/repository/tianyin/core/org/apache/shiro/shiro-spring-boot-starter/1.13.0/shiro-spring-boot-starter-1.13.0.pom
Downloaded from aiban-tianyin-core: https://aiban-maven.pkg.coding.net/repository/tianyin/core/org/apache/shiro/shiro-spring-boot-starter/1.13.0/shiro-spring-boot-starter-1.13.0.pom (0 B at 0 B/s)
Downloading from aiban-tianyin-core: https://aiban-maven.pkg.coding.net/repository/tianyin/core/org/apache/shiro/shiro-spring-boot/1.13.0/shiro-spring-boot-1.13.0.pom
Downloaded from aiban-tianyin-core: https://aiban-maven.pkg.coding.net/repository/tianyin/core/org/apache/shiro/shiro-spring-boot/1.13.0/shiro-spring-boot-1.13.0.pom (0 B at 0 B/s)
Downloading from aiban-tianyin-core: https://aiban-maven.pkg.coding.net/repository/tianyin/core/org/apache/shiro/shiro-support/1.13.0/shiro-support-1.13.0.pom
Downloaded from aiban-tianyin-core: https://aiban-maven.pkg.coding.net/repository/tianyin/core/org/apache/shiro/shiro-support/1.13.0/shiro-support-1.13.0.pom (0 B at 0 B/s)
Downloading from aiban-tianyin-core: https://aiban-maven.pkg.coding.net/repository/tianyin/core/org/apache/shiro/shiro-root/1.13.0/shiro-root-1.13.0.pom
Downloaded from aiban-tianyin-core: https://aiban-maven.pkg.coding.net/repository/tianyin/core/org/apache/shiro/shiro-root/1.13.0/shiro-root-1.13.0.pom (0 B at 0 B/s)
Downloading from aiban-tianyin-core: https://aiban-maven.pkg.coding.net/repository/tianyin/core/org/apache/shiro/shiro-spring/1.13.0/shiro-spring-1.13.0.pom
Downloaded from aiban-tianyin-core: https://aiban-maven.pkg.coding.net/repository/tianyin/core/org/apache/shiro/shiro-spring/1.13.0/shiro-spring-1.13.0.pom (0 B at 0 B/s)
Downloading from aiban-tianyin-core: https://aiban-maven.pkg.coding.net/repository/tianyin/core/org/apache/shiro/shiro-core/1.13.0/shiro-core-1.13.0.pom
Downloaded from aiban-tianyin-core: https://aiban-maven.pkg.coding.net/repository/tianyin/core/org/apache/shiro/shiro-core/1.13.0/shiro-core-1.13.0.pom (0 B at 0 B/s)
Downloading from aiban-tianyin-core: https://aiban-maven.pkg.coding.net/repository/tianyin/core/org/apache/shiro/shiro-lang/1.13.0/shiro-lang-1.13.0.pom
Downloaded from aiban-tianyin-core: https://aiban-maven.pkg.coding.net/repository/tianyin/core/org/apache/shiro/shiro-lang/1.13.0/shiro-lang-1.13.0.pom (0 B at 0 B/s)
Downloading from aiban-tianyin-core: https://aiban-maven.pkg.coding.net/repository/tianyin/core/org/apache/shiro/shiro-cache/1.13.0/shiro-cache-1.13.0.pom
Downloaded from aiban-tianyin-core: https://aiban-maven.pkg.coding.net/repository/tianyin/core/org/apache/shiro/shiro-cache/1.13.0/shiro-cache-1.13.0.pom (0 B at 0 B/s)
Downloading from aiban-tianyin-core: https://aiban-maven.pkg.coding.net/repository/tianyin/core/org/apache/shiro/shiro-crypto-hash/1.13.0/shiro-crypto-hash-1.13.0.pom
Downloaded from aiban-tianyin-core: https://aiban-maven.pkg.coding.net/repository/tianyin/core/org/apache/shiro/shiro-crypto-hash/1.13.0/shiro-crypto-hash-1.13.0.pom (0 B at 0 B/s)
Downloading from aiban-tianyin-core: https://aiban-maven.pkg.coding.net/repository/tianyin/core/org/apache/shiro/shiro-crypto/1.13.0/shiro-crypto-1.13.0.pom
Downloaded from aiban-tianyin-core: https://aiban-maven.pkg.coding.net/repository/tianyin/core/org/apache/shiro/shiro-crypto/1.13.0/shiro-crypto-1.13.0.pom (0 B at 0 B/s)
Downloading from aiban-tianyin-core: https://aiban-maven.pkg.coding.net/repository/tianyin/core/org/apache/shiro/shiro-crypto-core/1.13.0/shiro-crypto-core-1.13.0.pom
Downloaded from aiban-tianyin-core: https://aiban-maven.pkg.coding.net/repository/tianyin/core/org/apache/shiro/shiro-crypto-core/1.13.0/shiro-crypto-core-1.13.0.pom (0 B at 0 B/s)
Downloading from aiban-tianyin-core: https://aiban-maven.pkg.coding.net/repository/tianyin/core/org/apache/shiro/shiro-crypto-cipher/1.13.0/shiro-crypto-cipher-1.13.0.pom
Downloaded from aiban-tianyin-core: https://aiban-maven.pkg.coding.net/repository/tianyin/core/org/apache/shiro/shiro-crypto-cipher/1.13.0/shiro-crypto-cipher-1.13.0.pom (0 B at 0 B/s)
Downloading from aiban-tianyin-core: https://aiban-maven.pkg.coding.net/repository/tianyin/core/org/apache/shiro/shiro-config-core/1.13.0/shiro-config-core-1.13.0.pom
Downloaded from aiban-tianyin-core: https://aiban-maven.pkg.coding.net/repository/tianyin/core/org/apache/shiro/shiro-config-core/1.13.0/shiro-config-core-1.13.0.pom (0 B at 0 B/s)
Downloading from aiban-tianyin-core: https://aiban-maven.pkg.coding.net/repository/tianyin/core/org/apache/shiro/shiro-config/1.13.0/shiro-config-1.13.0.pom
Downloaded from aiban-tianyin-core: https://aiban-maven.pkg.coding.net/repository/tianyin/core/org/apache/shiro/shiro-config/1.13.0/shiro-config-1.13.0.pom (0 B at 0 B/s)
Downloading from aiban-tianyin-core: https://aiban-maven.pkg.coding.net/repository/tianyin/core/org/apache/shiro/shiro-config-ogdl/1.13.0/shiro-config-ogdl-1.13.0.pom
Downloaded from aiban-tianyin-core: https://aiban-maven.pkg.coding.net/repository/tianyin/core/org/apache/shiro/shiro-config-ogdl/1.13.0/shiro-config-ogdl-1.13.0.pom (0 B at 0 B/s)
Downloading from aiban-tianyin-core: https://aiban-maven.pkg.coding.net/repository/tianyin/core/org/apache/shiro/shiro-event/1.13.0/shiro-event-1.13.0.pom
Downloaded from aiban-tianyin-core: https://aiban-maven.pkg.coding.net/repository/tianyin/core/org/apache/shiro/shiro-event/1.13.0/shiro-event-1.13.0.pom (0 B at 0 B/s)
Downloading from aiban-tianyin-core: https://aiban-maven.pkg.coding.net/repository/tianyin/core/org/apache/shiro/shiro-web/1.13.0/shiro-web-1.13.0.pom
Downloaded from aiban-tianyin-core: https://aiban-maven.pkg.coding.net/repository/tianyin/core/org/apache/shiro/shiro-web/1.13.0/shiro-web-1.13.0.pom (0 B at 0 B/s)
Downloading from aiban-tianyin-core: https://aiban-maven.pkg.coding.net/repository/tianyin/core/org/apache/shiro/shiro-spring-boot-web-starter/1.13.0/shiro-spring-boot-web-starter-1.13.0.pom
Downloaded from aiban-tianyin-core: https://aiban-maven.pkg.coding.net/repository/tianyin/core/org/apache/shiro/shiro-spring-boot-web-starter/1.13.0/shiro-spring-boot-web-starter-1.13.0.pom (0 B at 0 B/s)
Downloading from aiban-tianyin-core: https://aiban-maven.pkg.coding.net/repository/tianyin/core/org/springframework/boot/spring-boot-starter-web/4.0.1/spring-boot-starter-web-4.0.1.pom
Progress (1): 2.6 kB
Progress (1): 2.8 kB
                    
Downloaded from aiban-tianyin-core: https://aiban-maven.pkg.coding.net/repository/tianyin/core/org/springframework/boot/spring-boot-starter-web/4.0.1/spring-boot-starter-web-4.0.1.pom (2.8 kB at 7.1 kB/s)
Downloading from aiban-tianyin-core: https://aiban-maven.pkg.coding.net/repository/tianyin/core/org/springframework/boot/spring-boot-starter-jackson/4.0.1/spring-boot-starter-jackson-4.0.1.pom
Progress (1): 2.3 kB
                    
Downloaded from aiban-tianyin-core: https://aiban-maven.pkg.coding.net/repository/tianyin/core/org/springframework/boot/spring-boot-starter-jackson/4.0.1/spring-boot-starter-jackson-4.0.1.pom (2.3 kB at 5.4 kB/s)
Downloading from aiban-tianyin-core: https://aiban-maven.pkg.coding.net/repository/tianyin/core/org/springframework/boot/spring-boot-jackson/4.0.1/spring-boot-jackson-4.0.1.pom
Progress (1): 2.2 kB
                    
Downloaded from aiban-tianyin-core: https://aiban-maven.pkg.coding.net/repository/tianyin/core/org/springframework/boot/spring-boot-jackson/4.0.1/spring-boot-jackson-4.0.1.pom (2.2 kB at 6.0 kB/s)
Downloading from aiban-tianyin-core: https://aiban-maven.pkg.coding.net/repository/tianyin/core/tools/jackson/core/jackson-databind/3.0.3/jackson-databind-3.0.3.pom
Downloaded from aiban-tianyin-core: https://aiban-maven.pkg.coding.net/repository/tianyin/core/tools/jackson/core/jackson-databind/3.0.3/jackson-databind-3.0.3.pom (0 B at 0 B/s)
Downloading from aiban-tianyin-core: https://aiban-maven.pkg.coding.net/repository/tianyin/core/tools/jackson/jackson-base/3.0.3/jackson-base-3.0.3.pom
Downloaded from aiban-tianyin-core: https://aiban-maven.pkg.coding.net/repository/tianyin/core/tools/jackson/jackson-base/3.0.3/jackson-base-3.0.3.pom (0 B at 0 B/s)
Downloading from aiban-tianyin-core: https://aiban-maven.pkg.coding.net/repository/tianyin/core/tools/jackson/core/jackson-core/3.0.3/jackson-core-3.0.3.pom
Downloaded from aiban-tianyin-core: https://aiban-maven.pkg.coding.net/repository/tianyin/core/tools/jackson/core/jackson-core/3.0.3/jackson-core-3.0.3.pom (0 B at 0 B/s)
Downloading from aiban-tianyin-core: https://aiban-maven.pkg.coding.net/repository/tianyin/core/org/springframework/boot/spring-boot-http-converter/4.0.1/spring-boot-http-converter-4.0.1.pom
Progress (1): 2.2 kB
                    
Downloaded from aiban-tianyin-core: https://aiban-maven.pkg.coding.net/repository/tianyin/core/org/springframework/boot/spring-boot-http-converter/4.0.1/spring-boot-http-converter-4.0.1.pom (2.2 kB at 5.9 kB/s)
Downloading from aiban-tianyin-core: https://aiban-maven.pkg.coding.net/repository/tianyin/core/org/springframework/boot/spring-boot-webmvc/4.0.1/spring-boot-webmvc-4.0.1.pom
Progress (1): 2.6 kB
                    
Downloaded from aiban-tianyin-core: https://aiban-maven.pkg.coding.net/repository/tianyin/core/org/springframework/boot/spring-boot-webmvc/4.0.1/spring-boot-webmvc-4.0.1.pom (2.6 kB at 5.9 kB/s)
Downloading from aiban-tianyin-core: https://aiban-maven.pkg.coding.net/repository/tianyin/core/org/springframework/boot/spring-boot-servlet/4.0.1/spring-boot-servlet-4.0.1.pom
Progress (1): 2.2 kB
                    
Downloaded from aiban-tianyin-core: https://aiban-maven.pkg.coding.net/repository/tianyin/core/org/springframework/boot/spring-boot-servlet/4.0.1/spring-boot-servlet-4.0.1.pom (2.2 kB at 5.8 kB/s)
Downloading from aiban-tianyin-core: https://aiban-maven.pkg.coding.net/repository/tianyin/core/com/github/hiwepy/shiro-biz/1.2.3.RELEASE/shiro-biz-1.2.3.RELEASE.pom
Downloaded from aiban-tianyin-core: https://aiban-maven.pkg.coding.net/repository/tianyin/core/com/github/hiwepy/shiro-biz/1.2.3.RELEASE/shiro-biz-1.2.3.RELEASE.pom (0 B at 0 B/s)
Downloading from aiban-tianyin-core: https://aiban-maven.pkg.coding.net/repository/tianyin/core/com/alibaba/fastjson/2.0.10/fastjson-2.0.10.pom
Downloaded from aiban-tianyin-core: https://aiban-maven.pkg.coding.net/repository/tianyin/core/com/alibaba/fastjson/2.0.10/fastjson-2.0.10.pom (0 B at 0 B/s)
Downloading from aiban-tianyin-core: https://aiban-maven.pkg.coding.net/repository/tianyin/core/com/alibaba/fastjson2/fastjson2-parent/2.0.10/fastjson2-parent-2.0.10.pom
Downloaded from aiban-tianyin-core: https://aiban-maven.pkg.coding.net/repository/tianyin/core/com/alibaba/fastjson2/fastjson2-parent/2.0.10/fastjson2-parent-2.0.10.pom (0 B at 0 B/s)
Downloading from aiban-tianyin-core: https://aiban-maven.pkg.coding.net/repository/tianyin/core/com/alibaba/fastjson2/fastjson2-extension/2.0.10/fastjson2-extension-2.0.10.pom
Downloaded from aiban-tianyin-core: https://aiban-maven.pkg.coding.net/repository/tianyin/core/com/alibaba/fastjson2/fastjson2-extension/2.0.10/fastjson2-extension-2.0.10.pom (0 B at 0 B/s)
Downloading from aiban-tianyin-core: https://aiban-maven.pkg.coding.net/repository/tianyin/core/com/alibaba/fastjson2/fastjson2/2.0.10/fastjson2-2.0.10.pom
Downloaded from aiban-tianyin-core: https://aiban-maven.pkg.coding.net/repository/tianyin/core/com/alibaba/fastjson2/fastjson2/2.0.10/fastjson2-2.0.10.pom (0 B at 0 B/s)
Downloading from aiban-tianyin-core: https://aiban-maven.pkg.coding.net/repository/tianyin/core/com/alibaba/fastjson2/fastjson2/2.0.22/fastjson2-2.0.22.pom
Progress (1): 4.0 kB
Progress (1): 8.1 kB
Progress (1): 9.6 kB
                    
Downloaded from aiban-tianyin-core: https://aiban-maven.pkg.coding.net/repository/tianyin/core/com/alibaba/fastjson2/fastjson2/2.0.22/fastjson2-2.0.22.pom (9.6 kB at 25 kB/s)
Downloading from aiban-tianyin-core: https://aiban-maven.pkg.coding.net/repository/tianyin/core/com/alibaba/fastjson2/fastjson2-parent/2.0.22/fastjson2-parent-2.0.22.pom
Progress (1): 2.6 kB
Progress (1): 5.4 kB
Progress (1): 9.5 kB
Progress (1): 14 kB 
Progress (1): 16 kB
Progress (1): 19 kB
Progress (1): 22 kB
Progress (1): 26 kB
Progress (1): 30 kB
Progress (1): 34 kB
Progress (1): 39 kB
Progress (1): 43 kB
Progress (1): 43 kB
                   
Downloaded from aiban-tianyin-core: https://aiban-maven.pkg.coding.net/repository/tianyin/core/com/alibaba/fastjson2/fastjson2-parent/2.0.22/fastjson2-parent-2.0.22.pom (43 kB at 121 kB/s)
Downloading from aiban-tianyin-core: https://aiban-maven.pkg.coding.net/repository/tianyin/core/com/google/protobuf/protobuf-bom/3.21.9/protobuf-bom-3.21.9.pom
Downloaded from aiban-tianyin-core: https://aiban-maven.pkg.coding.net/repository/tianyin/core/com/google/protobuf/protobuf-bom/3.21.9/protobuf-bom-3.21.9.pom (0 B at 0 B/s)
Downloading from aiban-tianyin-core: https://aiban-maven.pkg.coding.net/repository/tianyin/core/org/eclipse/jetty/jetty-bom/11.0.13/jetty-bom-11.0.13.pom
Progress (1): 2.5 kB
Progress (1): 6.6 kB
Progress (1): 11 kB 
Progress (1): 15 kB
Progress (1): 19 kB
Progress (1): 20 kB
                   
Downloaded from aiban-tianyin-core: https://aiban-maven.pkg.coding.net/repository/tianyin/core/org/eclipse/jetty/jetty-bom/11.0.13/jetty-bom-11.0.13.pom (20 kB at 62 kB/s)
Downloading from aiban-tianyin-core: https://aiban-maven.pkg.coding.net/repository/tianyin/core/org/glassfish/jersey/jersey-bom/2.37/jersey-bom-2.37.pom
Progress (1): 4.1 kB
Progress (1): 8.2 kB
Progress (1): 11 kB 
Progress (1): 14 kB
Progress (1): 18 kB
Progress (1): 20 kB
                   
Downloaded from aiban-tianyin-core: https://aiban-maven.pkg.coding.net/repository/tianyin/core/org/glassfish/jersey/jersey-bom/2.37/jersey-bom-2.37.pom (20 kB at 66 kB/s)
Downloading from aiban-tianyin-core: https://aiban-maven.pkg.coding.net/repository/tianyin/core/com/github/binarywang/wx-java-mp-spring-boot-starter/4.6.4.B/wx-java-mp-spring-boot-starter-4.6.4.B.pom
Progress (1): 2.1 kB
                    
Downloaded from aiban-tianyin-core: https://aiban-maven.pkg.coding.net/repository/tianyin/core/com/github/binarywang/wx-java-mp-spring-boot-starter/4.6.4.B/wx-java-mp-spring-boot-starter-4.6.4.B.pom (2.1 kB at 2.5 kB/s)
Downloading from aiban-tianyin-core: https://aiban-maven.pkg.coding.net/repository/tianyin/core/com/github/binarywang/wx-java-spring-boot-starters/4.6.4.B/wx-java-spring-boot-starters-4.6.4.B.pom
Progress (1): 1.8 kB
                    
Downloaded from aiban-tianyin-core: https://aiban-maven.pkg.coding.net/repository/tianyin/core/com/github/binarywang/wx-java-spring-boot-starters/4.6.4.B/wx-java-spring-boot-starters-4.6.4.B.pom (1.8 kB at 2.4 kB/s)
Downloading from aiban-tianyin-core: https://aiban-maven.pkg.coding.net/repository/tianyin/core/com/github/binarywang/wx-java/4.6.4.B/wx-java-4.6.4.B.pom
Progress (1): 2.6 kB
Progress (1): 6.7 kB
Progress (1): 11 kB 
Progress (1): 14 kB
Progress (1): 15 kB
                   
Downloaded from aiban-tianyin-core: https://aiban-maven.pkg.coding.net/repository/tianyin/core/com/github/binarywang/wx-java/4.6.4.B/wx-java-4.6.4.B.pom (15 kB at 17 kB/s)
Downloading from aiban-tianyin-core: https://aiban-maven.pkg.coding.net/repository/tianyin/core/com/github/binarywang/weixin-java-mp/4.6.4.B/weixin-java-mp-4.6.4.B.pom
Progress (1): 4.1 kB
Progress (1): 4.1 kB
                    
Downloaded from aiban-tianyin-core: https://aiban-maven.pkg.coding.net/repository/tianyin/core/com/github/binarywang/weixin-java-mp/4.6.4.B/weixin-java-mp-4.6.4.B.pom (4.1 kB at 5.4 kB/s)
Downloading from aiban-tianyin-core: https://aiban-maven.pkg.coding.net/repository/tianyin/core/com/github/binarywang/weixin-java-common/4.6.4.B/weixin-java-common-4.6.4.B.pom
Progress (1): 4.1 kB
Progress (1): 5.6 kB
                    
Downloaded from aiban-tianyin-core: https://aiban-maven.pkg.coding.net/repository/tianyin/core/com/github/binarywang/weixin-java-common/4.6.4.B/weixin-java-common-4.6.4.B.pom (5.6 kB at 5.4 kB/s)
Downloading from aiban-tianyin-core: https://aiban-maven.pkg.coding.net/repository/tianyin/core/com/thoughtworks/xstream/xstream/1.4.20/xstream-1.4.20.pom
Downloaded from aiban-tianyin-core: https://aiban-maven.pkg.coding.net/repository/tianyin/core/com/thoughtworks/xstream/xstream/1.4.20/xstream-1.4.20.pom (0 B at 0 B/s)
Downloading from aiban-tianyin-core: https://aiban-maven.pkg.coding.net/repository/tianyin/core/com/thoughtworks/xstream/xstream-parent/1.4.20/xstream-parent-1.4.20.pom
Downloaded from aiban-tianyin-core: https://aiban-maven.pkg.coding.net/repository/tianyin/core/com/thoughtworks/xstream/xstream-parent/1.4.20/xstream-parent-1.4.20.pom (0 B at 0 B/s)
Downloading from aiban-tianyin-core: https://aiban-maven.pkg.coding.net/repository/tianyin/core/commons-io/commons-io/2.7/commons-io-2.7.pom
Downloaded from aiban-tianyin-core: https://aiban-maven.pkg.coding.net/repository/tianyin/core/commons-io/commons-io/2.7/commons-io-2.7.pom (0 B at 0 B/s)
Downloading from aiban-tianyin-core: https://aiban-maven.pkg.coding.net/repository/tianyin/core/com/google/guava/guava/32.1.2-jre/guava-32.1.2-jre.pom
Downloaded from aiban-tianyin-core: https://aiban-maven.pkg.coding.net/repository/tianyin/core/com/google/guava/guava/32.1.2-jre/guava-32.1.2-jre.pom (0 B at 0 B/s)
Downloading from aiban-tianyin-core: https://aiban-maven.pkg.coding.net/repository/tianyin/core/com/google/guava/guava-parent/32.1.2-jre/guava-parent-32.1.2-jre.pom
Downloaded from aiban-tianyin-core: https://aiban-maven.pkg.coding.net/repository/tianyin/core/com/google/guava/guava-parent/32.1.2-jre/guava-parent-32.1.2-jre.pom (0 B at 0 B/s)
Downloading from aiban-tianyin-core: https://aiban-maven.pkg.coding.net/repository/tianyin/core/com/github/binarywang/wx-java-miniapp-spring-boot-starter/4.6.4.B/wx-java-miniapp-spring-boot-starter-4.6.4.B.pom
Progress (1): 2.2 kB
                    
Downloaded from aiban-tianyin-core: https://aiban-maven.pkg.coding.net/repository/tianyin/core/com/github/binarywang/wx-java-miniapp-spring-boot-starter/4.6.4.B/wx-java-miniapp-spring-boot-starter-4.6.4.B.pom (2.2 kB at 2.6 kB/s)
Downloading from aiban-tianyin-core: https://aiban-maven.pkg.coding.net/repository/tianyin/core/com/github/binarywang/weixin-java-miniapp/4.6.4.B/weixin-java-miniapp-4.6.4.B.pom
Progress (1): 4.1 kB
Progress (1): 4.3 kB
                    
Downloaded from aiban-tianyin-core: https://aiban-maven.pkg.coding.net/repository/tianyin/core/com/github/binarywang/weixin-java-miniapp/4.6.4.B/weixin-java-miniapp-4.6.4.B.pom (4.3 kB at 4.8 kB/s)
Downloading from aiban-tianyin-core: https://aiban-maven.pkg.coding.net/repository/tianyin/core/com/github/hiwepy/shiro-biz-spring-boot-starter/2.7.x.20241003.RELEASE/shiro-biz-spring-boot-starter-2.7.x.20241003.RELEASE.jar
Downloading from aiban-tianyin-core: https://aiban-maven.pkg.coding.net/repository/tianyin/core/org/apache/shiro/shiro-lang/1.13.0/shiro-lang-1.13.0.jar
Downloading from aiban-tianyin-core: https://aiban-maven.pkg.coding.net/repository/tianyin/core/org/apache/shiro/shiro-core/1.13.0/shiro-core-1.13.0.jar
Downloading from aiban-tianyin-core: https://aiban-maven.pkg.coding.net/repository/tianyin/core/org/apache/shiro/shiro-spring/1.13.0/shiro-spring-1.13.0.jar
Downloading from aiban-tianyin-core: https://aiban-maven.pkg.coding.net/repository/tianyin/core/org/apache/shiro/shiro-spring-boot-starter/1.13.0/shiro-spring-boot-starter-1.13.0.jar
Downloaded from aiban-tianyin-core: https://aiban-maven.pkg.coding.net/repository/tianyin/core/org/apache/shiro/shiro-spring/1.13.0/shiro-spring-1.13.0.jar (0 B at 0 B/s)
Downloaded from aiban-tianyin-core: https://aiban-maven.pkg.coding.net/repository/tianyin/core/org/apache/shiro/shiro-spring-boot-starter/1.13.0/shiro-spring-boot-starter-1.13.0.jar (0 B at 0 B/s)
Downloading from aiban-tianyin-core: https://aiban-maven.pkg.coding.net/repository/tianyin/core/org/apache/shiro/shiro-cache/1.13.0/shiro-cache-1.13.0.jar
Downloading from aiban-tianyin-core: https://aiban-maven.pkg.coding.net/repository/tianyin/core/org/apache/shiro/shiro-crypto-hash/1.13.0/shiro-crypto-hash-1.13.0.jar
Downloaded from aiban-tianyin-core: https://aiban-maven.pkg.coding.net/repository/tianyin/core/org/apache/shiro/shiro-core/1.13.0/shiro-core-1.13.0.jar (0 B at 0 B/s)
Downloading from aiban-tianyin-core: https://aiban-maven.pkg.coding.net/repository/tianyin/core/org/apache/shiro/shiro-crypto-core/1.13.0/shiro-crypto-core-1.13.0.jar
Downloaded from aiban-tianyin-core: https://aiban-maven.pkg.coding.net/repository/tianyin/core/org/apache/shiro/shiro-lang/1.13.0/shiro-lang-1.13.0.jar (0 B at 0 B/s)
Downloading from aiban-tianyin-core: https://aiban-maven.pkg.coding.net/repository/tianyin/core/org/apache/shiro/shiro-crypto-cipher/1.13.0/shiro-crypto-cipher-1.13.0.jar
Downloaded from aiban-tianyin-core: https://aiban-maven.pkg.coding.net/repository/tianyin/core/org/apache/shiro/shiro-crypto-core/1.13.0/shiro-crypto-core-1.13.0.jar (0 B at 0 B/s)
Downloaded from aiban-tianyin-core: https://aiban-maven.pkg.coding.net/repository/tianyin/core/org/apache/shiro/shiro-crypto-hash/1.13.0/shiro-crypto-hash-1.13.0.jar (0 B at 0 B/s)
Downloading from aiban-tianyin-core: https://aiban-maven.pkg.coding.net/repository/tianyin/core/org/apache/shiro/shiro-config-core/1.13.0/shiro-config-core-1.13.0.jar
Downloading from aiban-tianyin-core: https://aiban-maven.pkg.coding.net/repository/tianyin/core/org/apache/shiro/shiro-config-ogdl/1.13.0/shiro-config-ogdl-1.13.0.jar
Downloaded from aiban-tianyin-core: https://aiban-maven.pkg.coding.net/repository/tianyin/core/org/apache/shiro/shiro-cache/1.13.0/shiro-cache-1.13.0.jar (0 B at 0 B/s)
Downloading from aiban-tianyin-core: https://aiban-maven.pkg.coding.net/repository/tianyin/core/org/apache/shiro/shiro-event/1.13.0/shiro-event-1.13.0.jar
Downloaded from aiban-tianyin-core: https://aiban-maven.pkg.coding.net/repository/tianyin/core/org/apache/shiro/shiro-crypto-cipher/1.13.0/shiro-crypto-cipher-1.13.0.jar (0 B at 0 B/s)
Downloading from aiban-tianyin-core: https://aiban-maven.pkg.coding.net/repository/tianyin/core/org/apache/shiro/shiro-web/1.13.0/shiro-web-1.13.0.jar
Downloaded from aiban-tianyin-core: https://aiban-maven.pkg.coding.net/repository/tianyin/core/org/apache/shiro/shiro-config-core/1.13.0/shiro-config-core-1.13.0.jar (0 B at 0 B/s)
Downloading from aiban-tianyin-core: https://aiban-maven.pkg.coding.net/repository/tianyin/core/org/apache/shiro/shiro-spring-boot-web-starter/1.13.0/shiro-spring-boot-web-starter-1.13.0.jar
Downloaded from aiban-tianyin-core: https://aiban-maven.pkg.coding.net/repository/tianyin/core/org/apache/shiro/shiro-event/1.13.0/shiro-event-1.13.0.jar (0 B at 0 B/s)
Downloading from aiban-tianyin-core: https://aiban-maven.pkg.coding.net/repository/tianyin/core/org/springframework/boot/spring-boot-starter-web/4.0.1/spring-boot-starter-web-4.0.1.jar
Downloaded from aiban-tianyin-core: https://aiban-maven.pkg.coding.net/repository/tianyin/core/org/apache/shiro/shiro-web/1.13.0/shiro-web-1.13.0.jar (0 B at 0 B/s)
Downloading from aiban-tianyin-core: https://aiban-maven.pkg.coding.net/repository/tianyin/core/org/springframework/boot/spring-boot-starter-jackson/4.0.1/spring-boot-starter-jackson-4.0.1.jar
Downloaded from aiban-tianyin-core: https://aiban-maven.pkg.coding.net/repository/tianyin/core/org/apache/shiro/shiro-config-ogdl/1.13.0/shiro-config-ogdl-1.13.0.jar (0 B at 0 B/s)
Downloading from aiban-tianyin-core: https://aiban-maven.pkg.coding.net/repository/tianyin/core/org/springframework/boot/spring-boot-jackson/4.0.1/spring-boot-jackson-4.0.1.jar
Downloaded from aiban-tianyin-core: https://aiban-maven.pkg.coding.net/repository/tianyin/core/com/github/hiwepy/shiro-biz-spring-boot-starter/2.7.x.20241003.RELEASE/shiro-biz-spring-boot-starter-2.7.x.20241003.RELEASE.jar (0 B at 0 B/s)
Downloading from aiban-tianyin-core: https://aiban-maven.pkg.coding.net/repository/tianyin/core/tools/jackson/core/jackson-databind/3.0.3/jackson-databind-3.0.3.jar
Progress (1): 2.6 kB
Progress (1): 4.8 kB
Progress (2): 4.8 kB | 4.0 kB
Progress (2): 4.8 kB | 4.7 kB
Progress (3): 4.8 kB | 4.7 kB | 4.0 kB
Progress (3): 4.8 kB | 4.7 kB | 8.1 kB
Progress (3): 4.8 kB | 4.7 kB | 11 kB 
Progress (3): 4.8 kB | 4.7 kB | 14 kB
Progress (3): 4.8 kB | 4.7 kB | 16 kB
Progress (3): 4.8 kB | 4.7 kB | 20 kB
Progress (3): 4.8 kB | 4.7 kB | 23 kB
Progress (3): 4.8 kB | 4.7 kB | 28 kB
Progress (3): 4.8 kB | 4.7 kB | 32 kB
Progress (3): 4.8 kB | 4.7 kB | 36 kB
Progress (3): 4.8 kB | 4.7 kB | 40 kB
Progress (3): 4.8 kB | 4.7 kB | 44 kB
Progress (3): 4.8 kB | 4.7 kB | 48 kB
Progress (3): 4.8 kB | 4.7 kB | 52 kB
Progress (3): 4.8 kB | 4.7 kB | 56 kB
Progress (3): 4.8 kB | 4.7 kB | 60 kB
Progress (3): 4.8 kB | 4.7 kB | 64 kB
Progress (3): 4.8 kB | 4.7 kB | 68 kB
                                     
Downloaded from aiban-tianyin-core: https://aiban-maven.pkg.coding.net/repository/tianyin/core/org/springframework/boot/spring-boot-starter-web/4.0.1/spring-boot-starter-web-4.0.1.jar (4.8 kB at 5.7 kB/s)
Downloading from aiban-tianyin-core: https://aiban-maven.pkg.coding.net/repository/tianyin/core/tools/jackson/core/jackson-core/3.0.3/jackson-core-3.0.3.jar
Downloaded from aiban-tianyin-core: https://aiban-maven.pkg.coding.net/repository/tianyin/core/org/springframework/boot/spring-boot-starter-jackson/4.0.1/spring-boot-starter-jackson-4.0.1.jar (4.7 kB at 5.2 kB/s)
Downloading from aiban-tianyin-core: https://aiban-maven.pkg.coding.net/repository/tianyin/core/org/springframework/boot/spring-boot-http-converter/4.0.1/spring-boot-http-converter-4.0.1.jar
Downloaded from aiban-tianyin-core: https://aiban-maven.pkg.coding.net/repository/tianyin/core/org/apache/shiro/shiro-spring-boot-web-starter/1.13.0/shiro-spring-boot-web-starter-1.13.0.jar (0 B at 0 B/s)
Downloading from aiban-tianyin-core: https://aiban-maven.pkg.coding.net/repository/tianyin/core/org/springframework/boot/spring-boot-webmvc/4.0.1/spring-boot-webmvc-4.0.1.jar
Downloaded from aiban-tianyin-core: https://aiban-maven.pkg.coding.net/repository/tianyin/core/org/springframework/boot/spring-boot-jackson/4.0.1/spring-boot-jackson-4.0.1.jar (68 kB at 70 kB/s)
Downloading from aiban-tianyin-core: https://aiban-maven.pkg.coding.net/repository/tianyin/core/org/springframework/boot/spring-boot-servlet/4.0.1/spring-boot-servlet-4.0.1.jar
Downloaded from aiban-tianyin-core: https://aiban-maven.pkg.coding.net/repository/tianyin/core/tools/jackson/core/jackson-core/3.0.3/jackson-core-3.0.3.jar (0 B at 0 B/s)
Downloading from aiban-tianyin-core: https://aiban-maven.pkg.coding.net/repository/tianyin/core/com/github/hiwepy/shiro-biz/1.2.3.RELEASE/shiro-biz-1.2.3.RELEASE.jar
Progress (1): 4.0 kB
Progress (1): 8.1 kB
Progress (1): 11 kB 
Progress (1): 14 kB
Progress (1): 18 kB
Progress (1): 21 kB
Progress (1): 24 kB
Progress (1): 28 kB
Progress (1): 31 kB
Progress (1): 35 kB
Progress (1): 38 kB
Progress (2): 38 kB | 2.6 kB
Progress (2): 42 kB | 2.6 kB
Progress (2): 46 kB | 2.6 kB
Progress (2): 50 kB | 2.6 kB
Progress (2): 54 kB | 2.6 kB
Progress (2): 54 kB | 6.7 kB
Progress (2): 54 kB | 9.7 kB
Progress (2): 54 kB | 13 kB 
Progress (2): 54 kB | 17 kB
Progress (2): 54 kB | 21 kB
Progress (2): 54 kB | 25 kB
Progress (2): 54 kB | 29 kB
Progress (2): 54 kB | 33 kB
Progress (2): 54 kB | 36 kB
Progress (2): 54 kB | 39 kB
Progress (2): 54 kB | 42 kB
Progress (2): 54 kB | 45 kB
Progress (2): 54 kB | 47 kB
Progress (3): 54 kB | 47 kB | 2.6 kB
Progress (3): 54 kB | 47 kB | 6.7 kB
Progress (3): 54 kB | 47 kB | 11 kB 
Progress (3): 54 kB | 47 kB | 14 kB
Progress (3): 54 kB | 47 kB | 17 kB
Progress (3): 54 kB | 47 kB | 21 kB
Progress (3): 54 kB | 47 kB | 25 kB
Progress (3): 54 kB | 47 kB | 28 kB
Progress (3): 54 kB | 47 kB | 32 kB
Progress (3): 54 kB | 47 kB | 36 kB
Progress (3): 54 kB | 47 kB | 39 kB
Progress (3): 54 kB | 47 kB | 42 kB
Progress (3): 54 kB | 47 kB | 45 kB
Progress (3): 54 kB | 47 kB | 49 kB
Progress (3): 54 kB | 47 kB | 53 kB
Progress (3): 54 kB | 47 kB | 57 kB
Progress (3): 54 kB | 47 kB | 61 kB
Progress (3): 54 kB | 47 kB | 65 kB
Progress (3): 54 kB | 47 kB | 69 kB
Progress (3): 54 kB | 47 kB | 73 kB
Progress (3): 54 kB | 47 kB | 77 kB
Progress (3): 54 kB | 47 kB | 80 kB
Progress (3): 54 kB | 47 kB | 82 kB
Progress (3): 54 kB | 47 kB | 87 kB
Progress (3): 54 kB | 47 kB | 91 kB
Progress (3): 54 kB | 47 kB | 95 kB
Progress (3): 54 kB | 47 kB | 99 kB
Progress (3): 54 kB | 47 kB | 103 kB
Progress (3): 54 kB | 47 kB | 107 kB
Progress (3): 54 kB | 47 kB | 111 kB
Progress (3): 54 kB | 47 kB | 115 kB
Progress (3): 54 kB | 47 kB | 119 kB
Progress (3): 54 kB | 47 kB | 123 kB
Progress (3): 54 kB | 47 kB | 127 kB
Progress (3): 54 kB | 47 kB | 132 kB
Progress (3): 54 kB | 47 kB | 136 kB
Progress (3): 54 kB | 47 kB | 140 kB
Progress (3): 54 kB | 47 kB | 144 kB
Progress (3): 54 kB | 47 kB | 148 kB
Progress (3): 54 kB | 47 kB | 152 kB
Progress (3): 54 kB | 47 kB | 156 kB
Progress (3): 54 kB | 47 kB | 160 kB
Progress (3): 54 kB | 47 kB | 164 kB
Progress (3): 54 kB | 47 kB | 168 kB
Progress (3): 54 kB | 47 kB | 171 kB
                                    
Downloaded from aiban-tianyin-core: https://aiban-maven.pkg.coding.net/repository/tianyin/core/tools/jackson/core/jackson-databind/3.0.3/jackson-databind-3.0.3.jar (0 B at 0 B/s)
Downloading from aiban-tianyin-core: https://aiban-maven.pkg.coding.net/repository/tianyin/core/com/github/hiwepy/shiro-jwt-spring-boot-starter/2.7.x.20241003.RELEASE/shiro-jwt-spring-boot-starter-2.7.x.20241003.RELEASE.jar
Downloaded from aiban-tianyin-core: https://aiban-maven.pkg.coding.net/repository/tianyin/core/org/springframework/boot/spring-boot-http-converter/4.0.1/spring-boot-http-converter-4.0.1.jar (54 kB at 40 kB/s)
Downloading from aiban-tianyin-core: https://aiban-maven.pkg.coding.net/repository/tianyin/core/com/alibaba/fastjson2/fastjson2/2.0.22/fastjson2-2.0.22.jar
Downloaded from aiban-tianyin-core: https://aiban-maven.pkg.coding.net/repository/tianyin/core/org/springframework/boot/spring-boot-servlet/4.0.1/spring-boot-servlet-4.0.1.jar (47 kB at 34 kB/s)
Downloading from aiban-tianyin-core: https://aiban-maven.pkg.coding.net/repository/tianyin/core/com/github/binarywang/wx-java-mp-spring-boot-starter/4.6.4.B/wx-java-mp-spring-boot-starter-4.6.4.B.jar
Downloaded from aiban-tianyin-core: https://aiban-maven.pkg.coding.net/repository/tianyin/core/org/springframework/boot/spring-boot-webmvc/4.0.1/spring-boot-webmvc-4.0.1.jar (171 kB at 117 kB/s)
Downloading from aiban-tianyin-core: https://aiban-maven.pkg.coding.net/repository/tianyin/core/com/github/binarywang/weixin-java-mp/4.6.4.B/weixin-java-mp-4.6.4.B.jar
Downloaded from aiban-tianyin-core: https://aiban-maven.pkg.coding.net/repository/tianyin/core/com/github/hiwepy/shiro-biz/1.2.3.RELEASE/shiro-biz-1.2.3.RELEASE.jar (0 B at 0 B/s)
Downloading from aiban-tianyin-core: https://aiban-maven.pkg.coding.net/repository/tianyin/core/com/github/binarywang/weixin-java-common/4.6.4.B/weixin-java-common-4.6.4.B.jar
Progress (1): 4.1 kB
Progress (2): 4.1 kB | 2.6 kB
Progress (2): 6.9 kB | 2.6 kB
Progress (2): 6.9 kB | 5.4 kB
Progress (2): 6.9 kB | 9.5 kB
Progress (2): 11 kB | 9.5 kB 
Progress (2): 11 kB | 12 kB 
Progress (2): 11 kB | 15 kB
Progress (2): 11 kB | 18 kB
Progress (2): 11 kB | 22 kB
Progress (2): 14 kB | 22 kB
Progress (2): 18 kB | 22 kB
Progress (2): 21 kB | 22 kB
Progress (2): 24 kB | 22 kB
Progress (2): 28 kB | 22 kB
Progress (2): 31 kB | 22 kB
Progress (2): 35 kB | 22 kB
Progress (2): 38 kB | 22 kB
Progress (2): 41 kB | 22 kB
Progress (2): 43 kB | 22 kB
Progress (3): 43 kB | 22 kB | 2.6 kB
Progress (3): 46 kB | 22 kB | 2.6 kB
Progress (3): 46 kB | 22 kB | 5.5 kB
Progress (3): 46 kB | 22 kB | 9.6 kB
Progress (3): 50 kB | 22 kB | 9.6 kB
Progress (3): 53 kB | 22 kB | 9.6 kB
Progress (3): 55 kB | 22 kB | 9.6 kB
Progress (3): 59 kB | 22 kB | 9.6 kB
Progress (3): 62 kB | 22 kB | 9.6 kB
Progress (3): 66 kB | 22 kB | 9.6 kB
Progress (3): 70 kB | 22 kB | 9.6 kB
Progress (3): 74 kB | 22 kB | 9.6 kB
Progress (3): 78 kB | 22 kB | 9.6 kB
Progress (3): 82 kB | 22 kB | 9.6 kB
Progress (3): 86 kB | 22 kB | 9.6 kB
Progress (3): 90 kB | 22 kB | 9.6 kB
Progress (3): 94 kB | 22 kB | 9.6 kB
Progress (3): 94 kB | 22 kB | 12 kB 
Progress (3): 98 kB | 22 kB | 12 kB
Progress (3): 98 kB | 22 kB | 16 kB
Progress (3): 103 kB | 22 kB | 16 kB
Progress (3): 103 kB | 22 kB | 20 kB
Progress (3): 107 kB | 22 kB | 20 kB
Progress (3): 107 kB | 22 kB | 23 kB
Progress (3): 111 kB | 22 kB | 23 kB
Progress (3): 111 kB | 22 kB | 28 kB
Progress (3): 115 kB | 22 kB | 28 kB
Progress (3): 115 kB | 22 kB | 32 kB
Progress (3): 119 kB | 22 kB | 32 kB
Progress (3): 119 kB | 22 kB | 35 kB
Progress (3): 123 kB | 22 kB | 35 kB
Progress (3): 127 kB | 22 kB | 35 kB
Progress (3): 131 kB | 22 kB | 35 kB
Progress (3): 135 kB | 22 kB | 35 kB
Progress (3): 139 kB | 22 kB | 35 kB
Progress (3): 144 kB | 22 kB | 35 kB
Progress (3): 148 kB | 22 kB | 35 kB
Progress (3): 152 kB | 22 kB | 35 kB
Progress (3): 156 kB | 22 kB | 35 kB
Progress (3): 160 kB | 22 kB | 35 kB
Progress (3): 164 kB | 22 kB | 35 kB
Progress (3): 168 kB | 22 kB | 35 kB
Progress (3): 172 kB | 22 kB | 35 kB
Progress (3): 176 kB | 22 kB | 35 kB
Progress (3): 180 kB | 22 kB | 35 kB
Progress (3): 185 kB | 22 kB | 35 kB
Progress (3): 189 kB | 22 kB | 35 kB
Progress (3): 193 kB | 22 kB | 35 kB
Progress (3): 193 kB | 22 kB | 39 kB
Progress (3): 197 kB | 22 kB | 39 kB
Progress (3): 197 kB | 22 kB | 42 kB
Progress (3): 197 kB | 22 kB | 42 kB
Progress (3): 201 kB | 22 kB | 42 kB
Progress (3): 205 kB | 22 kB | 42 kB
Progress (3): 209 kB | 22 kB | 42 kB
Progress (3): 213 kB | 22 kB | 42 kB
Progress (3): 217 kB | 22 kB | 42 kB
Progress (3): 221 kB | 22 kB | 42 kB
Progress (3): 225 kB | 22 kB | 42 kB
Progress (3): 230 kB | 22 kB | 42 kB
Progress (3): 234 kB | 22 kB | 42 kB
Progress (3): 238 kB | 22 kB | 42 kB
Progress (3): 242 kB | 22 kB | 42 kB
Progress (3): 246 kB | 22 kB | 42 kB
Progress (3): 250 kB | 22 kB | 42 kB
Progress (3): 254 kB | 22 kB | 42 kB
Progress (3): 258 kB | 22 kB | 42 kB
Progress (3): 262 kB | 22 kB | 42 kB
Progress (3): 266 kB | 22 kB | 42 kB
Progress (3): 271 kB | 22 kB | 42 kB
Progress (3): 275 kB | 22 kB | 42 kB
Progress (3): 279 kB | 22 kB | 42 kB
Progress (3): 283 kB | 22 kB | 42 kB
Progress (3): 287 kB | 22 kB | 42 kB
Progress (3): 291 kB | 22 kB | 42 kB
Progress (3): 295 kB | 22 kB | 42 kB
Progress (3): 299 kB | 22 kB | 42 kB
Progress (3): 303 kB | 22 kB | 42 kB
Progress (3): 307 kB | 22 kB | 42 kB
Progress (3): 311 kB | 22 kB | 42 kB
Progress (3): 316 kB | 22 kB | 42 kB
Progress (3): 320 kB | 22 kB | 42 kB
Progress (3): 324 kB | 22 kB | 42 kB
Progress (3): 328 kB | 22 kB | 42 kB
Progress (3): 332 kB | 22 kB | 42 kB
Progress (3): 336 kB | 22 kB | 42 kB
Progress (3): 340 kB | 22 kB | 42 kB
Progress (3): 344 kB | 22 kB | 42 kB
Progress (3): 348 kB | 22 kB | 42 kB
Progress (3): 352 kB | 22 kB | 42 kB
Progress (3): 357 kB | 22 kB | 42 kB
Progress (3): 361 kB | 22 kB | 42 kB
Progress (3): 365 kB | 22 kB | 42 kB
Progress (3): 369 kB | 22 kB | 42 kB
Progress (3): 373 kB | 22 kB | 42 kB
Progress (3): 377 kB | 22 kB | 42 kB
Progress (3): 381 kB | 22 kB | 42 kB
Progress (3): 385 kB | 22 kB | 42 kB
Progress (3): 389 kB | 22 kB | 42 kB
Progress (3): 393 kB | 22 kB | 42 kB
Progress (3): 398 kB | 22 kB | 42 kB
Progress (3): 402 kB | 22 kB | 42 kB
Progress (3): 406 kB | 22 kB | 42 kB
Progress (3): 410 kB | 22 kB | 42 kB
Progress (3): 414 kB | 22 kB | 42 kB
Progress (3): 418 kB | 22 kB | 42 kB
Progress (3): 422 kB | 22 kB | 42 kB
Progress (3): 426 kB | 22 kB | 42 kB
Progress (3): 430 kB | 22 kB | 42 kB
Progress (3): 434 kB | 22 kB | 42 kB
Progress (3): 438 kB | 22 kB | 42 kB
Progress (3): 443 kB | 22 kB | 42 kB
Progress (3): 447 kB | 22 kB | 42 kB
Progress (3): 451 kB | 22 kB | 42 kB
Progress (3): 455 kB | 22 kB | 42 kB
Progress (3): 459 kB | 22 kB | 42 kB
Progress (3): 463 kB | 22 kB | 42 kB
Progress (3): 467 kB | 22 kB | 42 kB
Progress (3): 471 kB | 22 kB | 42 kB
Progress (3): 475 kB | 22 kB | 42 kB
Progress (3): 479 kB | 22 kB | 42 kB
Progress (3): 484 kB | 22 kB | 42 kB
Progress (3): 488 kB | 22 kB | 42 kB
Progress (3): 492 kB | 22 kB | 42 kB
Progress (3): 496 kB | 22 kB | 42 kB
Progress (3): 500 kB | 22 kB | 42 kB
Progress (3): 504 kB | 22 kB | 42 kB
Progress (3): 508 kB | 22 kB | 42 kB
Progress (3): 512 kB | 22 kB | 42 kB
Progress (3): 516 kB | 22 kB | 42 kB
Progress (3): 520 kB | 22 kB | 42 kB
Progress (3): 524 kB | 22 kB | 42 kB
Progress (3): 529 kB | 22 kB | 42 kB
Progress (3): 533 kB | 22 kB | 42 kB
Progress (3): 537 kB | 22 kB | 42 kB
Progress (3): 541 kB | 22 kB | 42 kB
Progress (3): 545 kB | 22 kB | 42 kB
Progress (3): 549 kB | 22 kB | 42 kB
Progress (3): 553 kB | 22 kB | 42 kB
Progress (3): 557 kB | 22 kB | 42 kB
Progress (3): 561 kB | 22 kB | 42 kB
Progress (3): 565 kB | 22 kB | 42 kB
Progress (3): 570 kB | 22 kB | 42 kB
Progress (3): 574 kB | 22 kB | 42 kB
Progress (3): 578 kB | 22 kB | 42 kB
Progress (3): 582 kB | 22 kB | 42 kB
Progress (3): 586 kB | 22 kB | 42 kB
Progress (3): 590 kB | 22 kB | 42 kB
Progress (3): 594 kB | 22 kB | 42 kB
Progress (3): 598 kB | 22 kB | 42 kB
Progress (3): 602 kB | 22 kB | 42 kB
Progress (3): 606 kB | 22 kB | 42 kB
Progress (3): 610 kB | 22 kB | 42 kB
Progress (3): 615 kB | 22 kB | 42 kB
Progress (3): 619 kB | 22 kB | 42 kB
Progress (3): 623 kB | 22 kB | 42 kB
Progress (3): 627 kB | 22 kB | 42 kB
Progress (3): 631 kB | 22 kB | 42 kB
Progress (3): 635 kB | 22 kB | 42 kB
Progress (3): 639 kB | 22 kB | 42 kB
Progress (3): 643 kB | 22 kB | 42 kB
Progress (3): 647 kB | 22 kB | 42 kB
Progress (3): 651 kB | 22 kB | 42 kB
Progress (3): 656 kB | 22 kB | 42 kB
Progress (3): 660 kB | 22 kB | 42 kB
Progress (3): 664 kB | 22 kB | 42 kB
Progress (3): 668 kB | 22 kB | 42 kB
Progress (3): 672 kB | 22 kB | 42 kB
Progress (3): 676 kB | 22 kB | 42 kB
Progress (3): 680 kB | 22 kB | 42 kB
Progress (3): 684 kB | 22 kB | 42 kB
Progress (3): 688 kB | 22 kB | 42 kB
Progress (3): 692 kB | 22 kB | 42 kB
Progress (3): 697 kB | 22 kB | 42 kB
Progress (3): 701 kB | 22 kB | 42 kB
Progress (3): 705 kB | 22 kB | 42 kB
Progress (3): 709 kB | 22 kB | 42 kB
Progress (3): 713 kB | 22 kB | 42 kB
Progress (3): 717 kB | 22 kB | 42 kB
Progress (3): 721 kB | 22 kB | 42 kB
Progress (3): 725 kB | 22 kB | 42 kB
Progress (3): 729 kB | 22 kB | 42 kB
Progress (3): 733 kB | 22 kB | 42 kB
Progress (3): 737 kB | 22 kB | 42 kB
Progress (3): 742 kB | 22 kB | 42 kB
Progress (3): 746 kB | 22 kB | 42 kB
Progress (3): 750 kB | 22 kB | 42 kB
Progress (3): 754 kB | 22 kB | 42 kB
Progress (3): 758 kB | 22 kB | 42 kB
Progress (3): 762 kB | 22 kB | 42 kB
Progress (3): 766 kB | 22 kB | 42 kB
Progress (3): 770 kB | 22 kB | 42 kB
Progress (3): 774 kB | 22 kB | 42 kB
Progress (3): 778 kB | 22 kB | 42 kB
Progress (3): 783 kB | 22 kB | 42 kB
Progress (3): 787 kB | 22 kB | 42 kB
Progress (3): 791 kB | 22 kB | 42 kB
Progress (3): 795 kB | 22 kB | 42 kB
Progress (3): 799 kB | 22 kB | 42 kB
Progress (3): 803 kB | 22 kB | 42 kB
Progress (3): 807 kB | 22 kB | 42 kB
Progress (3): 811 kB | 22 kB | 42 kB
Progress (3): 815 kB | 22 kB | 42 kB
Progress (3): 819 kB | 22 kB | 42 kB
Progress (3): 823 kB | 22 kB | 42 kB
Progress (3): 828 kB | 22 kB | 42 kB
Progress (3): 832 kB | 22 kB | 42 kB
Progress (3): 836 kB | 22 kB | 42 kB
Progress (3): 840 kB | 22 kB | 42 kB
Progress (3): 844 kB | 22 kB | 42 kB
Progress (3): 848 kB | 22 kB | 42 kB
Progress (3): 852 kB | 22 kB | 42 kB
Progress (3): 856 kB | 22 kB | 42 kB
Progress (3): 860 kB | 22 kB | 42 kB
Progress (3): 864 kB | 22 kB | 42 kB
Progress (3): 869 kB | 22 kB | 42 kB
Progress (3): 873 kB | 22 kB | 42 kB
Progress (3): 877 kB | 22 kB | 42 kB
Progress (3): 881 kB | 22 kB | 42 kB
Progress (3): 885 kB | 22 kB | 42 kB
Progress (3): 889 kB | 22 kB | 42 kB
Progress (3): 893 kB | 22 kB | 42 kB
Progress (3): 897 kB | 22 kB | 42 kB
Progress (3): 901 kB | 22 kB | 42 kB
Progress (3): 905 kB | 22 kB | 42 kB
Progress (3): 910 kB | 22 kB | 42 kB
Progress (3): 914 kB | 22 kB | 42 kB
Progress (3): 918 kB | 22 kB | 42 kB
Progress (3): 922 kB | 22 kB | 42 kB
Progress (3): 926 kB | 22 kB | 42 kB
Progress (3): 930 kB | 22 kB | 42 kB
Progress (3): 934 kB | 22 kB | 42 kB
Progress (3): 938 kB | 22 kB | 42 kB
Progress (3): 942 kB | 22 kB | 42 kB
Progress (3): 946 kB | 22 kB | 42 kB
Progress (3): 950 kB | 22 kB | 42 kB
Progress (3): 955 kB | 22 kB | 42 kB
Progress (3): 959 kB | 22 kB | 42 kB
Progress (3): 963 kB | 22 kB | 42 kB
Progress (3): 967 kB | 22 kB | 42 kB
Progress (3): 971 kB | 22 kB | 42 kB
Progress (3): 975 kB | 22 kB | 42 kB
Progress (3): 979 kB | 22 kB | 42 kB
Progress (3): 983 kB | 22 kB | 42 kB
Progress (3): 987 kB | 22 kB | 42 kB
Progress (3): 991 kB | 22 kB | 42 kB
Progress (3): 996 kB | 22 kB | 42 kB
Progress (3): 1000 kB | 22 kB | 42 kB
Progress (3): 1.0 MB | 22 kB | 42 kB 
Progress (3): 1.0 MB | 22 kB | 42 kB
Progress (3): 1.0 MB | 22 kB | 42 kB
Progress (3): 1.0 MB | 22 kB | 42 kB
Progress (3): 1.0 MB | 22 kB | 42 kB
Progress (3): 1.0 MB | 22 kB | 42 kB
Progress (3): 1.0 MB | 22 kB | 42 kB
Progress (3): 1.0 MB | 22 kB | 42 kB
Progress (3): 1.0 MB | 22 kB | 42 kB
Progress (3): 1.0 MB | 22 kB | 42 kB
Progress (3): 1.0 MB | 22 kB | 42 kB
Progress (3): 1.0 MB | 22 kB | 42 kB
Progress (3): 1.1 MB | 22 kB | 42 kB
Progress (3): 1.1 MB | 22 kB | 42 kB
Progress (3): 1.1 MB | 22 kB | 42 kB
Progress (3): 1.1 MB | 22 kB | 42 kB
Progress (3): 1.1 MB | 22 kB | 42 kB
Progress (3): 1.1 MB | 22 kB | 42 kB
Progress (3): 1.1 MB | 22 kB | 42 kB
Progress (3): 1.1 MB | 22 kB | 42 kB
Progress (3): 1.1 MB | 22 kB | 42 kB
Progress (3): 1.1 MB | 22 kB | 42 kB
Progress (3): 1.1 MB | 22 kB | 42 kB
Progress (3): 1.1 MB | 22 kB | 42 kB
Progress (3): 1.1 MB | 22 kB | 42 kB
Progress (3): 1.1 MB | 22 kB | 42 kB
Progress (3): 1.1 MB | 22 kB | 42 kB
Progress (3): 1.1 MB | 22 kB | 42 kB
Progress (3): 1.1 MB | 22 kB | 42 kB
Progress (3): 1.1 MB | 22 kB | 42 kB
Progress (3): 1.1 MB | 22 kB | 42 kB
Progress (3): 1.1 MB | 22 kB | 42 kB
Progress (3): 1.1 MB | 22 kB | 42 kB
Progress (3): 1.1 MB | 22 kB | 42 kB
Progress (3): 1.1 MB | 22 kB | 42 kB
Progress (3): 1.1 MB | 22 kB | 42 kB
Progress (3): 1.2 MB | 22 kB | 42 kB
Progress (3): 1.2 MB | 22 kB | 42 kB
Progress (3): 1.2 MB | 22 kB | 42 kB
Progress (3): 1.2 MB | 22 kB | 42 kB
Progress (3): 1.2 MB | 22 kB | 42 kB
Progress (3): 1.2 MB | 22 kB | 42 kB
Progress (3): 1.2 MB | 22 kB | 42 kB
Progress (3): 1.2 MB | 22 kB | 42 kB
Progress (3): 1.2 MB | 22 kB | 42 kB
Progress (3): 1.2 MB | 22 kB | 42 kB
Progress (3): 1.2 MB | 22 kB | 42 kB
Progress (3): 1.2 MB | 22 kB | 42 kB
Progress (3): 1.2 MB | 22 kB | 42 kB
Progress (3): 1.2 MB | 22 kB | 42 kB
Progress (3): 1.2 MB | 22 kB | 42 kB
Progress (3): 1.2 MB | 22 kB | 42 kB
Progress (3): 1.2 MB | 22 kB | 42 kB
Progress (3): 1.2 MB | 22 kB | 42 kB
Progress (3): 1.2 MB | 22 kB | 42 kB
Progress (3): 1.2 MB | 22 kB | 42 kB
Progress (3): 1.2 MB | 22 kB | 42 kB
Progress (3): 1.2 MB | 22 kB | 42 kB
Progress (3): 1.2 MB | 22 kB | 42 kB
Progress (3): 1.2 MB | 22 kB | 42 kB
Progress (3): 1.2 MB | 22 kB | 42 kB
Progress (3): 1.3 MB | 22 kB | 42 kB
Progress (3): 1.3 MB | 22 kB | 42 kB
Progress (3): 1.3 MB | 22 kB | 42 kB
Progress (3): 1.3 MB | 22 kB | 42 kB
Progress (3): 1.3 MB | 22 kB | 42 kB
Progress (3): 1.3 MB | 22 kB | 42 kB
Progress (3): 1.3 MB | 22 kB | 42 kB
Progress (3): 1.3 MB | 22 kB | 42 kB
Progress (3): 1.3 MB | 22 kB | 42 kB
Progress (3): 1.3 MB | 22 kB | 42 kB
Progress (3): 1.3 MB | 22 kB | 42 kB
Progress (3): 1.3 MB | 22 kB | 42 kB
Progress (3): 1.3 MB | 22 kB | 42 kB
Progress (3): 1.3 MB | 22 kB | 42 kB
Progress (3): 1.3 MB | 22 kB | 42 kB
Progress (3): 1.3 MB | 22 kB | 42 kB
Progress (3): 1.3 MB | 22 kB | 42 kB
Progress (3): 1.3 MB | 22 kB | 42 kB
Progress (3): 1.3 MB | 22 kB | 42 kB
Progress (3): 1.3 MB | 22 kB | 42 kB
Progress (3): 1.3 MB | 22 kB | 42 kB
Progress (3): 1.3 MB | 22 kB | 42 kB
Progress (3): 1.3 MB | 22 kB | 42 kB
Progress (3): 1.3 MB | 22 kB | 42 kB
Progress (3): 1.4 MB | 22 kB | 42 kB
Progress (3): 1.4 MB | 22 kB | 42 kB
Progress (3): 1.4 MB | 22 kB | 42 kB
Progress (3): 1.4 MB | 22 kB | 42 kB
Progress (3): 1.4 MB | 22 kB | 42 kB
Progress (3): 1.4 MB | 22 kB | 42 kB
Progress (3): 1.4 MB | 22 kB | 42 kB
Progress (3): 1.4 MB | 22 kB | 42 kB
Progress (3): 1.4 MB | 22 kB | 42 kB
Progress (3): 1.4 MB | 22 kB | 42 kB
Progress (3): 1.4 MB | 22 kB | 42 kB
Progress (3): 1.4 MB | 22 kB | 42 kB
Progress (3): 1.4 MB | 22 kB | 42 kB
Progress (3): 1.4 MB | 22 kB | 42 kB
Progress (3): 1.4 MB | 22 kB | 42 kB
Progress (3): 1.4 MB | 22 kB | 42 kB
Progress (3): 1.4 MB | 22 kB | 42 kB
Progress (3): 1.4 MB | 22 kB | 42 kB
Progress (3): 1.4 MB | 22 kB | 42 kB
Progress (3): 1.4 MB | 22 kB | 42 kB
Progress (3): 1.4 MB | 22 kB | 42 kB
Progress (3): 1.4 MB | 22 kB | 42 kB
Progress (3): 1.4 MB | 22 kB | 42 kB
Progress (3): 1.4 MB | 22 kB | 42 kB
Progress (3): 1.5 MB | 22 kB | 42 kB
Progress (3): 1.5 MB | 22 kB | 42 kB
Progress (3): 1.5 MB | 22 kB | 42 kB
Progress (3): 1.5 MB | 22 kB | 42 kB
Progress (3): 1.5 MB | 22 kB | 42 kB
Progress (3): 1.5 MB | 22 kB | 42 kB
Progress (3): 1.5 MB | 22 kB | 42 kB
Progress (3): 1.5 MB | 22 kB | 42 kB
                                    
Downloaded from aiban-tianyin-core: https://aiban-maven.pkg.coding.net/repository/tianyin/core/com/github/binarywang/wx-java-mp-spring-boot-starter/4.6.4.B/wx-java-mp-spring-boot-starter-4.6.4.B.jar (22 kB at 11 kB/s)
Progress (2): 1.5 MB | 42 kB
                            
Downloading from aiban-tianyin-core: https://aiban-maven.pkg.coding.net/repository/tianyin/core/com/thoughtworks/xstream/xstream/1.4.20/xstream-1.4.20.jar
Progress (2): 1.5 MB | 42 kB
Progress (2): 1.5 MB | 42 kB
Progress (2): 1.5 MB | 42 kB
Progress (2): 1.5 MB | 42 kB
Progress (2): 1.5 MB | 42 kB
Progress (2): 1.5 MB | 42 kB
Progress (2): 1.5 MB | 42 kB
Progress (2): 1.5 MB | 42 kB
Progress (2): 1.5 MB | 42 kB
Progress (2): 1.5 MB | 42 kB
Progress (2): 1.5 MB | 42 kB
Progress (2): 1.5 MB | 42 kB
Progress (2): 1.5 MB | 42 kB
Progress (2): 1.5 MB | 42 kB
Progress (2): 1.5 MB | 42 kB
Progress (2): 1.5 MB | 42 kB
Progress (2): 1.6 MB | 42 kB
Progress (2): 1.6 MB | 42 kB
Progress (2): 1.6 MB | 42 kB
Progress (2): 1.6 MB | 42 kB
Progress (2): 1.6 MB | 42 kB
Progress (2): 1.6 MB | 42 kB
Progress (2): 1.6 MB | 42 kB
Progress (2): 1.6 MB | 42 kB
Progress (2): 1.6 MB | 42 kB
Progress (2): 1.6 MB | 42 kB
Progress (2): 1.6 MB | 42 kB
Progress (2): 1.6 MB | 42 kB
Progress (2): 1.6 MB | 42 kB
Progress (2): 1.6 MB | 42 kB
Progress (2): 1.6 MB | 42 kB
Progress (2): 1.6 MB | 42 kB
Progress (2): 1.6 MB | 42 kB
Progress (2): 1.6 MB | 42 kB
Progress (2): 1.6 MB | 42 kB
Progress (2): 1.6 MB | 42 kB
Progress (2): 1.6 MB | 42 kB
Progress (2): 1.6 MB | 42 kB
Progress (2): 1.6 MB | 42 kB
Progress (2): 1.6 MB | 42 kB
Progress (2): 1.7 MB | 42 kB
Progress (2): 1.7 MB | 42 kB
Progress (2): 1.7 MB | 42 kB
Progress (2): 1.7 MB | 42 kB
Progress (2): 1.7 MB | 42 kB
Progress (2): 1.7 MB | 42 kB
Progress (2): 1.7 MB | 42 kB
Progress (2): 1.7 MB | 42 kB
Progress (2): 1.7 MB | 42 kB
Progress (2): 1.7 MB | 42 kB
Progress (2): 1.7 MB | 42 kB
Progress (2): 1.7 MB | 42 kB
Progress (2): 1.7 MB | 42 kB
Progress (2): 1.7 MB | 42 kB
Progress (2): 1.7 MB | 42 kB
Progress (2): 1.7 MB | 42 kB
Progress (2): 1.7 MB | 42 kB
Progress (2): 1.7 MB | 42 kB
Progress (2): 1.7 MB | 42 kB
Progress (2): 1.7 MB | 42 kB
Progress (2): 1.7 MB | 42 kB
Progress (2): 1.7 MB | 42 kB
Progress (2): 1.7 MB | 42 kB
Progress (2): 1.7 MB | 42 kB
Progress (2): 1.7 MB | 42 kB
                            
Downloaded from aiban-tianyin-core: https://aiban-maven.pkg.coding.net/repository/tianyin/core/com/github/hiwepy/shiro-jwt-spring-boot-starter/2.7.x.20241003.RELEASE/shiro-jwt-spring-boot-starter-2.7.x.20241003.RELEASE.jar (42 kB at 20 kB/s)
Downloading from aiban-tianyin-core: https://aiban-maven.pkg.coding.net/repository/tianyin/core/com/github/binarywang/wx-java-miniapp-spring-boot-starter/4.6.4.B/wx-java-miniapp-spring-boot-starter-4.6.4.B.jar
Downloaded from aiban-tianyin-core: https://aiban-maven.pkg.coding.net/repository/tianyin/core/com/thoughtworks/xstream/xstream/1.4.20/xstream-1.4.20.jar (0 B at 0 B/s)
Downloading from aiban-tianyin-core: https://aiban-maven.pkg.coding.net/repository/tianyin/core/com/github/binarywang/weixin-java-miniapp/4.6.4.B/weixin-java-miniapp-4.6.4.B.jar
Downloaded from aiban-tianyin-core: https://aiban-maven.pkg.coding.net/repository/tianyin/core/com/alibaba/fastjson2/fastjson2/2.0.22/fastjson2-2.0.22.jar (1.7 MB at 759 kB/s)
Progress (1): 4.0 kB
Progress (1): 8.1 kB
Progress (1): 12 kB 
Progress (1): 16 kB
Progress (1): 20 kB
Progress (1): 24 kB
Progress (1): 28 kB
Progress (1): 32 kB
Progress (1): 36 kB
Progress (1): 40 kB
Progress (1): 44 kB
Progress (1): 48 kB
Progress (1): 52 kB
Progress (1): 56 kB
Progress (1): 60 kB
Progress (1): 65 kB
Progress (1): 69 kB
Progress (1): 73 kB
Progress (1): 77 kB
Progress (1): 81 kB
Progress (1): 85 kB
Progress (1): 89 kB
Progress (1): 93 kB
Progress (1): 97 kB
Progress (1): 101 kB
Progress (1): 106 kB
Progress (1): 110 kB
Progress (1): 114 kB
Progress (1): 118 kB
Progress (1): 122 kB
Progress (1): 126 kB
Progress (1): 130 kB
Progress (1): 134 kB
Progress (1): 138 kB
Progress (1): 142 kB
Progress (1): 146 kB
Progress (1): 151 kB
Progress (1): 155 kB
Progress (1): 159 kB
Progress (1): 163 kB
Progress (1): 167 kB
Progress (1): 171 kB
Progress (1): 175 kB
Progress (1): 179 kB
Progress (1): 183 kB
Progress (1): 187 kB
Progress (1): 192 kB
Progress (1): 196 kB
Progress (1): 200 kB
Progress (1): 204 kB
Progress (1): 208 kB
Progress (1): 212 kB
Progress (1): 216 kB
Progress (1): 220 kB
Progress (1): 224 kB
Progress (1): 228 kB
Progress (1): 232 kB
Progress (1): 237 kB
Progress (1): 241 kB
Progress (1): 245 kB
Progress (1): 249 kB
Progress (1): 253 kB
Progress (1): 257 kB
Progress (1): 261 kB
Progress (1): 265 kB
Progress (1): 269 kB
Progress (1): 273 kB
Progress (1): 278 kB
Progress (1): 282 kB
Progress (1): 286 kB
Progress (1): 290 kB
Progress (1): 294 kB
Progress (1): 298 kB
Progress (1): 302 kB
Progress (1): 306 kB
Progress (1): 310 kB
Progress (1): 314 kB
Progress (1): 318 kB
Progress (1): 323 kB
Progress (1): 327 kB
Progress (1): 331 kB
Progress (1): 335 kB
Progress (1): 339 kB
Progress (1): 343 kB
Progress (1): 347 kB
Progress (1): 351 kB
Progress (1): 355 kB
Progress (1): 359 kB
Progress (1): 364 kB
Progress (1): 368 kB
Progress (1): 372 kB
Progress (1): 376 kB
Progress (1): 380 kB
Progress (1): 384 kB
Progress (1): 388 kB
Progress (1): 392 kB
Progress (1): 396 kB
Progress (1): 400 kB
Progress (1): 404 kB
Progress (1): 409 kB
Progress (1): 413 kB
Progress (1): 417 kB
Progress (1): 421 kB
Progress (1): 425 kB
Progress (1): 426 kB
Progress (2): 426 kB | 4.0 kB
Progress (2): 426 kB | 8.1 kB
Progress (2): 426 kB | 11 kB 
Progress (2): 426 kB | 14 kB
Progress (2): 426 kB | 17 kB
Progress (2): 426 kB | 21 kB
Progress (2): 426 kB | 25 kB
Progress (2): 426 kB | 29 kB
Progress (2): 426 kB | 33 kB
Progress (2): 426 kB | 37 kB
Progress (2): 426 kB | 39 kB
Progress (2): 426 kB | 42 kB
Progress (2): 426 kB | 45 kB
Progress (2): 426 kB | 49 kB
Progress (2): 426 kB | 53 kB
Progress (2): 426 kB | 57 kB
Progress (2): 426 kB | 61 kB
Progress (2): 426 kB | 64 kB
Progress (2): 426 kB | 67 kB
Progress (2): 426 kB | 70 kB
Progress (2): 426 kB | 74 kB
Progress (2): 426 kB | 78 kB
Progress (2): 426 kB | 82 kB
Progress (2): 426 kB | 86 kB
Progress (2): 426 kB | 90 kB
Progress (2): 426 kB | 94 kB
Progress (2): 426 kB | 99 kB
Progress (2): 426 kB | 101 kB
Progress (2): 426 kB | 105 kB
Progress (2): 426 kB | 108 kB
Progress (2): 426 kB | 110 kB
Progress (2): 426 kB | 113 kB
Progress (2): 426 kB | 116 kB
Progress (2): 426 kB | 119 kB
Progress (2): 426 kB | 123 kB
Progress (2): 426 kB | 127 kB
Progress (2): 426 kB | 131 kB
Progress (2): 426 kB | 134 kB
Progress (2): 426 kB | 137 kB
Progress (2): 426 kB | 141 kB
Progress (2): 426 kB | 145 kB
Progress (2): 426 kB | 149 kB
Progress (2): 426 kB | 153 kB
Progress (2): 426 kB | 157 kB
Progress (2): 426 kB | 161 kB
Progress (2): 426 kB | 165 kB
Progress (2): 426 kB | 170 kB
Progress (2): 426 kB | 174 kB
Progress (2): 426 kB | 178 kB
Progress (2): 426 kB | 182 kB
Progress (2): 426 kB | 186 kB
Progress (2): 426 kB | 190 kB
Progress (2): 426 kB | 194 kB
Progress (2): 426 kB | 198 kB
Progress (2): 426 kB | 202 kB
Progress (2): 426 kB | 206 kB
Progress (2): 426 kB | 211 kB
Progress (2): 426 kB | 215 kB
Progress (2): 426 kB | 219 kB
Progress (2): 426 kB | 223 kB
Progress (2): 426 kB | 227 kB
Progress (2): 426 kB | 231 kB
Progress (2): 426 kB | 235 kB
Progress (2): 426 kB | 239 kB
Progress (2): 426 kB | 243 kB
Progress (2): 426 kB | 247 kB
Progress (2): 426 kB | 251 kB
Progress (2): 426 kB | 256 kB
Progress (2): 426 kB | 260 kB
Progress (2): 426 kB | 264 kB
Progress (2): 426 kB | 268 kB
Progress (2): 426 kB | 272 kB
Progress (2): 426 kB | 276 kB
Progress (2): 426 kB | 280 kB
Progress (2): 426 kB | 284 kB
Progress (2): 426 kB | 288 kB
Progress (2): 426 kB | 292 kB
Progress (2): 426 kB | 296 kB
Progress (2): 426 kB | 301 kB
Progress (2): 426 kB | 305 kB
Progress (2): 426 kB | 309 kB
Progress (2): 426 kB | 313 kB
Progress (2): 426 kB | 317 kB
Progress (2): 426 kB | 321 kB
Progress (2): 426 kB | 325 kB
Progress (2): 426 kB | 329 kB
Progress (2): 426 kB | 333 kB
Progress (2): 426 kB | 337 kB
Progress (2): 426 kB | 341 kB
Progress (2): 426 kB | 346 kB
Progress (2): 426 kB | 350 kB
Progress (2): 426 kB | 354 kB
Progress (2): 426 kB | 358 kB
Progress (2): 426 kB | 362 kB
Progress (2): 426 kB | 366 kB
Progress (2): 426 kB | 370 kB
Progress (2): 426 kB | 374 kB
Progress (2): 426 kB | 378 kB
Progress (2): 426 kB | 382 kB
Progress (2): 426 kB | 387 kB
Progress (2): 426 kB | 391 kB
Progress (2): 426 kB | 395 kB
Progress (2): 426 kB | 399 kB
Progress (2): 426 kB | 403 kB
Progress (2): 426 kB | 407 kB
Progress (2): 426 kB | 411 kB
Progress (2): 426 kB | 415 kB
Progress (2): 426 kB | 419 kB
Progress (2): 426 kB | 423 kB
Progress (2): 426 kB | 427 kB
Progress (2): 426 kB | 432 kB
Progress (2): 426 kB | 436 kB
Progress (2): 426 kB | 440 kB
Progress (2): 426 kB | 444 kB
Progress (2): 426 kB | 448 kB
Progress (2): 426 kB | 452 kB
Progress (2): 426 kB | 456 kB
Progress (2): 426 kB | 460 kB
Progress (2): 426 kB | 464 kB
Progress (2): 426 kB | 468 kB
Progress (2): 426 kB | 472 kB
Progress (2): 426 kB | 477 kB
Progress (2): 426 kB | 481 kB
Progress (2): 426 kB | 485 kB
Progress (2): 426 kB | 489 kB
Progress (2): 426 kB | 493 kB
Progress (2): 426 kB | 497 kB
Progress (2): 426 kB | 501 kB
Progress (2): 426 kB | 505 kB
Progress (2): 426 kB | 509 kB
Progress (2): 426 kB | 513 kB
Progress (2): 426 kB | 518 kB
Progress (2): 426 kB | 522 kB
Progress (2): 426 kB | 526 kB
Progress (2): 426 kB | 530 kB
Progress (2): 426 kB | 534 kB
Progress (2): 426 kB | 538 kB
Progress (2): 426 kB | 542 kB
Progress (2): 426 kB | 546 kB
Progress (2): 426 kB | 550 kB
Progress (2): 426 kB | 554 kB
Progress (2): 426 kB | 558 kB
Progress (2): 426 kB | 563 kB
Progress (2): 426 kB | 567 kB
Progress (2): 426 kB | 571 kB
Progress (2): 426 kB | 575 kB
Progress (2): 426 kB | 579 kB
Progress (2): 426 kB | 583 kB
Progress (2): 426 kB | 587 kB
Progress (2): 426 kB | 591 kB
Progress (2): 426 kB | 595 kB
Progress (2): 426 kB | 599 kB
Progress (2): 426 kB | 604 kB
Progress (2): 426 kB | 608 kB
Progress (2): 426 kB | 612 kB
Progress (2): 426 kB | 616 kB
Progress (2): 426 kB | 620 kB
Progress (2): 426 kB | 624 kB
Progress (2): 426 kB | 628 kB
Progress (2): 426 kB | 632 kB
Progress (2): 426 kB | 636 kB
Progress (2): 426 kB | 640 kB
Progress (2): 426 kB | 644 kB
Progress (2): 426 kB | 649 kB
Progress (2): 426 kB | 653 kB
Progress (2): 426 kB | 657 kB
Progress (2): 426 kB | 661 kB
Progress (2): 426 kB | 665 kB
Progress (2): 426 kB | 669 kB
Progress (2): 426 kB | 673 kB
Progress (2): 426 kB | 677 kB
Progress (2): 426 kB | 681 kB
Progress (2): 426 kB | 685 kB
Progress (2): 426 kB | 690 kB
Progress (2): 426 kB | 694 kB
Progress (2): 426 kB | 698 kB
Progress (2): 426 kB | 702 kB
Progress (2): 426 kB | 706 kB
Progress (2): 426 kB | 710 kB
Progress (2): 426 kB | 714 kB
Progress (2): 426 kB | 718 kB
Progress (2): 426 kB | 722 kB
Progress (2): 426 kB | 726 kB
Progress (2): 426 kB | 730 kB
Progress (2): 426 kB | 735 kB
Progress (2): 426 kB | 739 kB
Progress (2): 426 kB | 743 kB
Progress (2): 426 kB | 747 kB
Progress (2): 426 kB | 751 kB
Progress (2): 426 kB | 755 kB
Progress (2): 426 kB | 759 kB
Progress (2): 426 kB | 763 kB
Progress (2): 426 kB | 767 kB
Progress (2): 426 kB | 771 kB
Progress (2): 426 kB | 776 kB
Progress (2): 426 kB | 780 kB
Progress (2): 426 kB | 784 kB
Progress (2): 426 kB | 788 kB
Progress (2): 426 kB | 792 kB
Progress (2): 426 kB | 796 kB
Progress (2): 426 kB | 800 kB
Progress (2): 426 kB | 804 kB
Progress (2): 426 kB | 808 kB
Progress (2): 426 kB | 812 kB
Progress (2): 426 kB | 816 kB
Progress (2): 426 kB | 821 kB
Progress (2): 426 kB | 825 kB
Progress (2): 426 kB | 829 kB
Progress (2): 426 kB | 833 kB
Progress (2): 426 kB | 837 kB
Progress (2): 426 kB | 841 kB
Progress (2): 426 kB | 845 kB
Progress (2): 426 kB | 849 kB
Progress (2): 426 kB | 853 kB
Progress (2): 426 kB | 857 kB
Progress (2): 426 kB | 862 kB
Progress (2): 426 kB | 866 kB
Progress (2): 426 kB | 870 kB
Progress (2): 426 kB | 874 kB
Progress (2): 426 kB | 878 kB
Progress (2): 426 kB | 882 kB
Progress (2): 426 kB | 886 kB
Progress (2): 426 kB | 890 kB
Progress (2): 426 kB | 894 kB
Progress (2): 426 kB | 898 kB
Progress (2): 426 kB | 903 kB
Progress (2): 426 kB | 907 kB
Progress (2): 426 kB | 911 kB
Progress (2): 426 kB | 913 kB
                             
Downloaded from aiban-tianyin-core: https://aiban-maven.pkg.coding.net/repository/tianyin/core/com/github/binarywang/weixin-java-common/4.6.4.B/weixin-java-common-4.6.4.B.jar (426 kB at 164 kB/s)
Progress (2): 913 kB | 2.6 kB
Progress (2): 913 kB | 6.7 kB
Progress (2): 913 kB | 11 kB 
Progress (2): 913 kB | 14 kB
Progress (2): 913 kB | 17 kB
Progress (2): 913 kB | 21 kB
Progress (2): 913 kB | 24 kB
Progress (2): 913 kB | 24 kB
                            
Downloaded from aiban-tianyin-core: https://aiban-maven.pkg.coding.net/repository/tianyin/core/com/github/binarywang/weixin-java-mp/4.6.4.B/weixin-java-mp-4.6.4.B.jar (913 kB at 327 kB/s)
Downloaded from aiban-tianyin-core: https://aiban-maven.pkg.coding.net/repository/tianyin/core/com/github/binarywang/wx-java-miniapp-spring-boot-starter/4.6.4.B/wx-java-miniapp-spring-boot-starter-4.6.4.B.jar (24 kB at 8.3 kB/s)
Progress (1): 4.1 kB
Progress (1): 8.2 kB
Progress (1): 11 kB 
Progress (1): 14 kB
Progress (1): 17 kB
Progress (1): 21 kB
Progress (1): 25 kB
Progress (1): 28 kB
Progress (1): 32 kB
Progress (1): 36 kB
Progress (1): 39 kB
Progress (1): 42 kB
Progress (1): 46 kB
Progress (1): 49 kB
Progress (1): 52 kB
Progress (1): 55 kB
Progress (1): 58 kB
Progress (1): 62 kB
Progress (1): 66 kB
Progress (1): 69 kB
Progress (1): 73 kB
Progress (1): 78 kB
Progress (1): 81 kB
Progress (1): 83 kB
Progress (1): 87 kB
Progress (1): 90 kB
Progress (1): 94 kB
Progress (1): 98 kB
Progress (1): 102 kB
Progress (1): 106 kB
Progress (1): 110 kB
Progress (1): 115 kB
Progress (1): 119 kB
Progress (1): 123 kB
Progress (1): 127 kB
Progress (1): 131 kB
Progress (1): 135 kB
Progress (1): 139 kB
Progress (1): 143 kB
Progress (1): 147 kB
Progress (1): 151 kB
Progress (1): 156 kB
Progress (1): 160 kB
Progress (1): 164 kB
Progress (1): 168 kB
Progress (1): 172 kB
Progress (1): 176 kB
Progress (1): 180 kB
Progress (1): 184 kB
Progress (1): 188 kB
Progress (1): 192 kB
Progress (1): 196 kB
Progress (1): 201 kB
Progress (1): 205 kB
Progress (1): 209 kB
Progress (1): 213 kB
Progress (1): 217 kB
Progress (1): 221 kB
Progress (1): 225 kB
Progress (1): 229 kB
Progress (1): 233 kB
Progress (1): 237 kB
Progress (1): 242 kB
Progress (1): 246 kB
Progress (1): 250 kB
Progress (1): 254 kB
Progress (1): 258 kB
Progress (1): 262 kB
Progress (1): 266 kB
Progress (1): 270 kB
Progress (1): 274 kB
Progress (1): 278 kB
Progress (1): 282 kB
Progress (1): 287 kB
Progress (1): 291 kB
Progress (1): 295 kB
Progress (1): 299 kB
Progress (1): 303 kB
Progress (1): 307 kB
Progress (1): 311 kB
Progress (1): 315 kB
Progress (1): 319 kB
Progress (1): 323 kB
Progress (1): 328 kB
Progress (1): 332 kB
Progress (1): 336 kB
Progress (1): 340 kB
Progress (1): 344 kB
Progress (1): 348 kB
Progress (1): 352 kB
Progress (1): 356 kB
Progress (1): 360 kB
Progress (1): 364 kB
Progress (1): 369 kB
Progress (1): 373 kB
Progress (1): 377 kB
Progress (1): 381 kB
Progress (1): 385 kB
Progress (1): 389 kB
Progress (1): 393 kB
Progress (1): 397 kB
Progress (1): 401 kB
Progress (1): 405 kB
Progress (1): 409 kB
Progress (1): 414 kB
Progress (1): 418 kB
Progress (1): 422 kB
Progress (1): 426 kB
Progress (1): 430 kB
Progress (1): 434 kB
Progress (1): 438 kB
Progress (1): 442 kB
Progress (1): 446 kB
Progress (1): 450 kB
Progress (1): 455 kB
Progress (1): 459 kB
Progress (1): 463 kB
Progress (1): 467 kB
Progress (1): 471 kB
Progress (1): 475 kB
Progress (1): 479 kB
Progress (1): 483 kB
Progress (1): 487 kB
Progress (1): 491 kB
Progress (1): 495 kB
Progress (1): 500 kB
Progress (1): 504 kB
Progress (1): 508 kB
Progress (1): 512 kB
Progress (1): 516 kB
Progress (1): 520 kB
Progress (1): 524 kB
Progress (1): 528 kB
Progress (1): 532 kB
Progress (1): 536 kB
Progress (1): 541 kB
Progress (1): 545 kB
Progress (1): 549 kB
Progress (1): 553 kB
Progress (1): 557 kB
Progress (1): 561 kB
Progress (1): 565 kB
Progress (1): 569 kB
Progress (1): 573 kB
Progress (1): 577 kB
Progress (1): 581 kB
Progress (1): 586 kB
Progress (1): 590 kB
Progress (1): 594 kB
Progress (1): 598 kB
Progress (1): 602 kB
Progress (1): 606 kB
Progress (1): 610 kB
Progress (1): 614 kB
Progress (1): 618 kB
Progress (1): 622 kB
Progress (1): 627 kB
Progress (1): 631 kB
Progress (1): 635 kB
Progress (1): 639 kB
Progress (1): 643 kB
Progress (1): 647 kB
Progress (1): 651 kB
Progress (1): 655 kB
Progress (1): 659 kB
Progress (1): 663 kB
Progress (1): 668 kB
Progress (1): 672 kB
Progress (1): 676 kB
Progress (1): 680 kB
Progress (1): 684 kB
Progress (1): 688 kB
Progress (1): 692 kB
Progress (1): 696 kB
Progress (1): 700 kB
Progress (1): 704 kB
Progress (1): 708 kB
Progress (1): 713 kB
Progress (1): 717 kB
Progress (1): 721 kB
Progress (1): 725 kB
Progress (1): 729 kB
Progress (1): 733 kB
Progress (1): 737 kB
Progress (1): 741 kB
Progress (1): 745 kB
Progress (1): 749 kB
Progress (1): 754 kB
Progress (1): 758 kB
Progress (1): 762 kB
Progress (1): 766 kB
Progress (1): 770 kB
Progress (1): 774 kB
Progress (1): 778 kB
Progress (1): 782 kB
Progress (1): 786 kB
Progress (1): 790 kB
Progress (1): 794 kB
Progress (1): 799 kB
Progress (1): 803 kB
Progress (1): 807 kB
Progress (1): 811 kB
Progress (1): 815 kB
Progress (1): 819 kB
Progress (1): 823 kB
Progress (1): 827 kB
Progress (1): 831 kB
Progress (1): 835 kB
Progress (1): 840 kB
Progress (1): 844 kB
Progress (1): 848 kB
Progress (1): 852 kB
Progress (1): 856 kB
Progress (1): 860 kB
Progress (1): 864 kB
Progress (1): 868 kB
Progress (1): 872 kB
Progress (1): 876 kB
Progress (1): 881 kB
Progress (1): 885 kB
Progress (1): 889 kB
Progress (1): 893 kB
Progress (1): 897 kB
Progress (1): 901 kB
Progress (1): 905 kB
Progress (1): 909 kB
Progress (1): 913 kB
Progress (1): 917 kB
Progress (1): 921 kB
Progress (1): 926 kB
Progress (1): 930 kB
Progress (1): 934 kB
Progress (1): 938 kB
Progress (1): 942 kB
Progress (1): 946 kB
Progress (1): 950 kB
Progress (1): 954 kB
Progress (1): 958 kB
Progress (1): 962 kB
Progress (1): 967 kB
Progress (1): 971 kB
Progress (1): 975 kB
Progress (1): 979 kB
Progress (1): 983 kB
Progress (1): 987 kB
Progress (1): 991 kB
Progress (1): 995 kB
Progress (1): 999 kB
Progress (1): 1.0 MB
Progress (1): 1.0 MB
Progress (1): 1.0 MB
Progress (1): 1.0 MB
Progress (1): 1.0 MB
Progress (1): 1.0 MB
Progress (1): 1.0 MB
Progress (1): 1.0 MB
Progress (1): 1.0 MB
Progress (1): 1.0 MB
Progress (1): 1.0 MB
Progress (1): 1.0 MB
Progress (1): 1.1 MB
Progress (1): 1.1 MB
Progress (1): 1.1 MB
Progress (1): 1.1 MB
Progress (1): 1.1 MB
Progress (1): 1.1 MB
Progress (1): 1.1 MB
Progress (1): 1.1 MB
Progress (1): 1.1 MB
Progress (1): 1.1 MB
Progress (1): 1.1 MB
Progress (1): 1.1 MB
Progress (1): 1.1 MB
Progress (1): 1.1 MB
Progress (1): 1.1 MB
Progress (1): 1.1 MB
Progress (1): 1.1 MB
Progress (1): 1.1 MB
Progress (1): 1.1 MB
Progress (1): 1.1 MB
Progress (1): 1.1 MB
Progress (1): 1.1 MB
Progress (1): 1.1 MB
Progress (1): 1.1 MB
Progress (1): 1.2 MB
Progress (1): 1.2 MB
Progress (1): 1.2 MB
Progress (1): 1.2 MB
Progress (1): 1.2 MB
Progress (1): 1.2 MB
Progress (1): 1.2 MB
Progress (1): 1.2 MB
Progress (1): 1.2 MB
Progress (1): 1.2 MB
Progress (1): 1.2 MB
Progress (1): 1.2 MB
Progress (1): 1.2 MB
Progress (1): 1.2 MB
Progress (1): 1.2 MB
Progress (1): 1.2 MB
Progress (1): 1.2 MB
Progress (1): 1.2 MB
Progress (1): 1.2 MB
Progress (1): 1.2 MB
Progress (1): 1.2 MB
Progress (1): 1.2 MB
Progress (1): 1.2 MB
Progress (1): 1.2 MB
Progress (1): 1.2 MB
Progress (1): 1.3 MB
Progress (1): 1.3 MB
Progress (1): 1.3 MB
Progress (1): 1.3 MB
Progress (1): 1.3 MB
Progress (1): 1.3 MB
Progress (1): 1.3 MB
Progress (1): 1.3 MB
Progress (1): 1.3 MB
Progress (1): 1.3 MB
Progress (1): 1.3 MB
Progress (1): 1.3 MB
Progress (1): 1.3 MB
Progress (1): 1.3 MB
Progress (1): 1.3 MB
Progress (1): 1.3 MB
Progress (1): 1.3 MB
Progress (1): 1.3 MB
Progress (1): 1.3 MB
Progress (1): 1.3 MB
Progress (1): 1.3 MB
Progress (1): 1.3 MB
Progress (1): 1.3 MB
Progress (1): 1.3 MB
Progress (1): 1.3 MB
Progress (1): 1.4 MB
Progress (1): 1.4 MB
Progress (1): 1.4 MB
Progress (1): 1.4 MB
Progress (1): 1.4 MB
Progress (1): 1.4 MB
                    
Downloaded from aiban-tianyin-core: https://aiban-maven.pkg.coding.net/repository/tianyin/core/com/github/binarywang/weixin-java-miniapp/4.6.4.B/weixin-java-miniapp-4.6.4.B.jar (1.4 MB at 387 kB/s)
[[1;34mINFO[m] 
[[1;34mINFO[m] [1m--- [0;32mmaven-clean-plugin:3.4.0:clean[m [1m(default-clean)[m @ [36mshiro-weixin-spring-boot-starter[0;1m ---[m
[[1;34mINFO[m] Deleting /Users/wandl/workspaces/workspace-ddd4j/workspace-ddd4j-boot-starters/shiro-weixin-spring-boot-starter/target
[[1;34mINFO[m] 
[[1;34mINFO[m] [1m--- [0;32mmaven-enforcer-plugin:3.5.0:enforce[m [1m(default-cli)[m @ [36mshiro-weixin-spring-boot-starter[0;1m ---[m
[[1;34mINFO[m] Rule 0: org.apache.maven.enforcer.rules.version.RequireMavenVersion passed
[[1;34mINFO[m] Rule 1: org.apache.maven.enforcer.rules.version.RequireJavaVersion passed
[[1;34mINFO[m] 
[[1;34mINFO[m] [1m--- [0;32mmaven-resources-plugin:3.3.1:resources[m [1m(default-resources)[m @ [36mshiro-weixin-spring-boot-starter[0;1m ---[m
[[1;34mINFO[m] Copying 0 resource from src/main/resources to target/classes
[[1;34mINFO[m] Copying 3 resources from src/main/resources to target/classes
[[1;34mINFO[m] 
[[1;34mINFO[m] [1m--- [0;32mmaven-compiler-plugin:3.13.0:compile[m [1m(default-compile)[m @ [36mshiro-weixin-spring-boot-starter[0;1m ---[m
[[1;34mINFO[m] Recompiling the module because of [1mchanged dependency[m.
[[1;34mINFO[m] Compiling 21 source files with javac [debug parameters release 1.8] to target/classes
[[1;34mINFO[m] [1m------------------------------------------------------------------------[m
[[1;34mINFO[m] [1;31mBUILD FAILURE[m
[[1;34mINFO[m] [1m------------------------------------------------------------------------[m
[[1;34mINFO[m] Total time:  19.975 s
[[1;34mINFO[m] Finished at: 2026-03-16T14:15:24+08:00
[[1;34mINFO[m] [1m------------------------------------------------------------------------[m
[[1;31mERROR[m] Failed to execute goal [32morg.apache.maven.plugins:maven-compiler-plugin:3.13.0:compile[m [1m(default-compile)[m on project [36mshiro-weixin-spring-boot-starter[m: [1;31mFatal error compiling[m: 错误: 不支持发行版本 1.8 -> [1m[Help 1][m
[[1;31mERROR[m] 
[[1;31mERROR[m] To see the full stack trace of the errors, re-run Maven with the [1m-e[m switch.
[[1;31mERROR[m] Re-run Maven using the [1m-X[m switch to enable full debug logging.
[[1;31mERROR[m] 
[[1;31mERROR[m] For more information about the errors and possible solutions, please read the following articles:
[[1;31mERROR[m] [1m[Help 1][m http://cwiki.apache.org/confluence/display/MAVEN/MojoExecutionException
[shiro-weixin-spring-boot-starter/2.7.x] 失败 - 查看日志
[[1;34mINFO[m] Scanning for projects...
[[1;34mINFO[m] 
[[1;34mINFO[m] [1m---------< [0;36mio.github.hiwepy:shiro-weixin-spring-boot-starter[0;1m >---------[m
[[1;34mINFO[m] [1mBuilding io.github.hiwepy:shiro-weixin-spring-boot-starter 4.0.x.20251227-SNAPSHOT[m
[[1;34mINFO[m] [1m--------------------------------[ jar ]---------------------------------[m
[[1;34mINFO[m] 
[[1;34mINFO[m] [1m--- [0;32mmaven-clean-plugin:3.4.0:clean[m [1m(default-clean)[m @ [36mshiro-weixin-spring-boot-starter[0;1m ---[m
[[1;34mINFO[m] Deleting /Users/wandl/workspaces/workspace-ddd4j/workspace-ddd4j-boot-starters/shiro-weixin-spring-boot-starter/target
[[1;34mINFO[m] 
[[1;34mINFO[m] [1m--- [0;32mmaven-enforcer-plugin:3.5.0:enforce[m [1m(default-cli)[m @ [36mshiro-weixin-spring-boot-starter[0;1m ---[m
[[1;34mINFO[m] Rule 0: org.apache.maven.enforcer.rules.version.RequireMavenVersion passed
[[1;34mINFO[m] Rule 1: org.apache.maven.enforcer.rules.version.RequireJavaVersion passed
[[1;34mINFO[m] 
[[1;34mINFO[m] [1m--- [0;32mmaven-resources-plugin:3.3.1:resources[m [1m(default-resources)[m @ [36mshiro-weixin-spring-boot-starter[0;1m ---[m
[[1;34mINFO[m] Copying 0 resource from src/main/resources to target/classes
[[1;34mINFO[m] Copying 3 resources from src/main/resources to target/classes
[[1;34mINFO[m] 
[[1;34mINFO[m] [1m--- [0;32mmaven-compiler-plugin:3.13.0:compile[m [1m(default-compile)[m @ [36mshiro-weixin-spring-boot-starter[0;1m ---[m
[[1;34mINFO[m] Recompiling the module because of [1mchanged source code[m.
[[1;34mINFO[m] Compiling 21 source files with javac [debug parameters release 1.8] to target/classes
[[1;34mINFO[m] [1m------------------------------------------------------------------------[m
[[1;34mINFO[m] [1;31mBUILD FAILURE[m
[[1;34mINFO[m] [1m------------------------------------------------------------------------[m
[[1;34mINFO[m] Total time:  0.552 s
[[1;34mINFO[m] Finished at: 2026-03-16T14:15:25+08:00
[[1;34mINFO[m] [1m------------------------------------------------------------------------[m
[[1;31mERROR[m] Failed to execute goal [32morg.apache.maven.plugins:maven-compiler-plugin:3.13.0:compile[m [1m(default-compile)[m on project [36mshiro-weixin-spring-boot-starter[m: [1;31mFatal error compiling[m: 错误: 不支持发行版本 1.8 -> [1m[Help 1][m
[[1;31mERROR[m] 
[[1;31mERROR[m] To see the full stack trace of the errors, re-run Maven with the [1m-e[m switch.
[[1;31mERROR[m] Re-run Maven using the [1m-X[m switch to enable full debug logging.
[[1;31mERROR[m] 
[[1;31mERROR[m] For more information about the errors and possible solutions, please read the following articles:
[[1;31mERROR[m] [1m[Help 1][m http://cwiki.apache.org/confluence/display/MAVEN/MojoExecutionException
[shiro-weixin-spring-boot-starter/3.0.x] 失败 - 查看日志
[[1;34mINFO[m] Scanning for projects...
[[1;34mINFO[m] 
[[1;34mINFO[m] [1m---------< [0;36mio.github.hiwepy:shiro-weixin-spring-boot-starter[0;1m >---------[m
[[1;34mINFO[m] [1mBuilding io.github.hiwepy:shiro-weixin-spring-boot-starter 4.0.x.20251227-SNAPSHOT[m
[[1;34mINFO[m] [1m--------------------------------[ jar ]---------------------------------[m
[[1;34mINFO[m] 
[[1;34mINFO[m] [1m--- [0;32mmaven-clean-plugin:3.4.0:clean[m [1m(default-clean)[m @ [36mshiro-weixin-spring-boot-starter[0;1m ---[m
[[1;34mINFO[m] Deleting /Users/wandl/workspaces/workspace-ddd4j/workspace-ddd4j-boot-starters/shiro-weixin-spring-boot-starter/target
[[1;34mINFO[m] 
[[1;34mINFO[m] [1m--- [0;32mmaven-enforcer-plugin:3.5.0:enforce[m [1m(default-cli)[m @ [36mshiro-weixin-spring-boot-starter[0;1m ---[m
[[1;34mINFO[m] Rule 0: org.apache.maven.enforcer.rules.version.RequireMavenVersion passed
[[1;34mINFO[m] Rule 1: org.apache.maven.enforcer.rules.version.RequireJavaVersion passed
[[1;34mINFO[m] 
[[1;34mINFO[m] [1m--- [0;32mmaven-resources-plugin:3.3.1:resources[m [1m(default-resources)[m @ [36mshiro-weixin-spring-boot-starter[0;1m ---[m
[[1;34mINFO[m] Copying 0 resource from src/main/resources to target/classes
[[1;34mINFO[m] Copying 3 resources from src/main/resources to target/classes
[[1;34mINFO[m] 
[[1;34mINFO[m] [1m--- [0;32mmaven-compiler-plugin:3.13.0:compile[m [1m(default-compile)[m @ [36mshiro-weixin-spring-boot-starter[0;1m ---[m
[[1;34mINFO[m] Recompiling the module because of [1mchanged source code[m.
[[1;34mINFO[m] Compiling 21 source files with javac [debug parameters release 1.8] to target/classes
[[1;34mINFO[m] [1m------------------------------------------------------------------------[m
[[1;34mINFO[m] [1;31mBUILD FAILURE[m
[[1;34mINFO[m] [1m------------------------------------------------------------------------[m
[[1;34mINFO[m] Total time:  0.448 s
[[1;34mINFO[m] Finished at: 2026-03-16T14:15:25+08:00
[[1;34mINFO[m] [1m------------------------------------------------------------------------[m
[[1;31mERROR[m] Failed to execute goal [32morg.apache.maven.plugins:maven-compiler-plugin:3.13.0:compile[m [1m(default-compile)[m on project [36mshiro-weixin-spring-boot-starter[m: [1;31mFatal error compiling[m: 错误: 不支持发行版本 1.8 -> [1m[Help 1][m
[[1;31mERROR[m] 
[[1;31mERROR[m] To see the full stack trace of the errors, re-run Maven with the [1m-e[m switch.
[[1;31mERROR[m] Re-run Maven using the [1m-X[m switch to enable full debug logging.
[[1;31mERROR[m] 
[[1;31mERROR[m] For more information about the errors and possible solutions, please read the following articles:
[[1;31mERROR[m] [1m[Help 1][m http://cwiki.apache.org/confluence/display/MAVEN/MojoExecutionException
[shiro-weixin-spring-boot-starter/3.1.x] 失败 - 查看日志
[[1;34mINFO[m] Scanning for projects...
[[1;34mINFO[m] 
[[1;34mINFO[m] [1m---------< [0;36mio.github.hiwepy:shiro-weixin-spring-boot-starter[0;1m >---------[m
[[1;34mINFO[m] [1mBuilding io.github.hiwepy:shiro-weixin-spring-boot-starter 4.0.x.20251227-SNAPSHOT[m
[[1;34mINFO[m] [1m--------------------------------[ jar ]---------------------------------[m
[[1;34mINFO[m] 
[[1;34mINFO[m] [1m--- [0;32mmaven-clean-plugin:3.4.0:clean[m [1m(default-clean)[m @ [36mshiro-weixin-spring-boot-starter[0;1m ---[m
[[1;34mINFO[m] Deleting /Users/wandl/workspaces/workspace-ddd4j/workspace-ddd4j-boot-starters/shiro-weixin-spring-boot-starter/target
[[1;34mINFO[m] 
[[1;34mINFO[m] [1m--- [0;32mmaven-enforcer-plugin:3.5.0:enforce[m [1m(default-cli)[m @ [36mshiro-weixin-spring-boot-starter[0;1m ---[m
[[1;34mINFO[m] Rule 0: org.apache.maven.enforcer.rules.version.RequireMavenVersion passed
[[1;34mINFO[m] Rule 1: org.apache.maven.enforcer.rules.version.RequireJavaVersion passed
[[1;34mINFO[m] 
[[1;34mINFO[m] [1m--- [0;32mmaven-resources-plugin:3.3.1:resources[m [1m(default-resources)[m @ [36mshiro-weixin-spring-boot-starter[0;1m ---[m
[[1;34mINFO[m] Copying 0 resource from src/main/resources to target/classes
[[1;34mINFO[m] Copying 3 resources from src/main/resources to target/classes
[[1;34mINFO[m] 
[[1;34mINFO[m] [1m--- [0;32mmaven-compiler-plugin:3.13.0:compile[m [1m(default-compile)[m @ [36mshiro-weixin-spring-boot-starter[0;1m ---[m
[[1;34mINFO[m] Recompiling the module because of [1mchanged source code[m.
[[1;34mINFO[m] Compiling 21 source files with javac [debug parameters release 1.8] to target/classes
[[1;34mINFO[m] [1m------------------------------------------------------------------------[m
[[1;34mINFO[m] [1;31mBUILD FAILURE[m
[[1;34mINFO[m] [1m------------------------------------------------------------------------[m
[[1;34mINFO[m] Total time:  0.451 s
[[1;34mINFO[m] Finished at: 2026-03-16T14:15:26+08:00
[[1;34mINFO[m] [1m------------------------------------------------------------------------[m
[[1;31mERROR[m] Failed to execute goal [32morg.apache.maven.plugins:maven-compiler-plugin:3.13.0:compile[m [1m(default-compile)[m on project [36mshiro-weixin-spring-boot-starter[m: [1;31mFatal error compiling[m: 错误: 不支持发行版本 1.8 -> [1m[Help 1][m
[[1;31mERROR[m] 
[[1;31mERROR[m] To see the full stack trace of the errors, re-run Maven with the [1m-e[m switch.
[[1;31mERROR[m] Re-run Maven using the [1m-X[m switch to enable full debug logging.
[[1;31mERROR[m] 
[[1;31mERROR[m] For more information about the errors and possible solutions, please read the following articles:
[[1;31mERROR[m] [1m[Help 1][m http://cwiki.apache.org/confluence/display/MAVEN/MojoExecutionException
[shiro-weixin-spring-boot-starter/3.2.x] 失败 - 查看日志
[[1;34mINFO[m] Scanning for projects...
[[1;34mINFO[m] 
[[1;34mINFO[m] [1m---------< [0;36mio.github.hiwepy:shiro-weixin-spring-boot-starter[0;1m >---------[m
[[1;34mINFO[m] [1mBuilding io.github.hiwepy:shiro-weixin-spring-boot-starter 4.0.x.20251227-SNAPSHOT[m
[[1;34mINFO[m] [1m--------------------------------[ jar ]---------------------------------[m
[[1;34mINFO[m] 
[[1;34mINFO[m] [1m--- [0;32mmaven-clean-plugin:3.4.0:clean[m [1m(default-clean)[m @ [36mshiro-weixin-spring-boot-starter[0;1m ---[m
[[1;34mINFO[m] Deleting /Users/wandl/workspaces/workspace-ddd4j/workspace-ddd4j-boot-starters/shiro-weixin-spring-boot-starter/target
[[1;34mINFO[m] 
[[1;34mINFO[m] [1m--- [0;32mmaven-enforcer-plugin:3.5.0:enforce[m [1m(default-cli)[m @ [36mshiro-weixin-spring-boot-starter[0;1m ---[m
[[1;34mINFO[m] Rule 0: org.apache.maven.enforcer.rules.version.RequireMavenVersion passed
[[1;34mINFO[m] Rule 1: org.apache.maven.enforcer.rules.version.RequireJavaVersion passed
[[1;34mINFO[m] 
[[1;34mINFO[m] [1m--- [0;32mmaven-resources-plugin:3.3.1:resources[m [1m(default-resources)[m @ [36mshiro-weixin-spring-boot-starter[0;1m ---[m
[[1;34mINFO[m] Copying 0 resource from src/main/resources to target/classes
[[1;34mINFO[m] Copying 3 resources from src/main/resources to target/classes
[[1;34mINFO[m] 
[[1;34mINFO[m] [1m--- [0;32mmaven-compiler-plugin:3.13.0:compile[m [1m(default-compile)[m @ [36mshiro-weixin-spring-boot-starter[0;1m ---[m
[[1;34mINFO[m] Recompiling the module because of [1mchanged source code[m.
[[1;34mINFO[m] Compiling 21 source files with javac [debug parameters release 1.8] to target/classes
[[1;34mINFO[m] [1m------------------------------------------------------------------------[m
[[1;34mINFO[m] [1;31mBUILD FAILURE[m
[[1;34mINFO[m] [1m------------------------------------------------------------------------[m
[[1;34mINFO[m] Total time:  0.459 s
[[1;34mINFO[m] Finished at: 2026-03-16T14:15:27+08:00
[[1;34mINFO[m] [1m------------------------------------------------------------------------[m
[[1;31mERROR[m] Failed to execute goal [32morg.apache.maven.plugins:maven-compiler-plugin:3.13.0:compile[m [1m(default-compile)[m on project [36mshiro-weixin-spring-boot-starter[m: [1;31mFatal error compiling[m: 错误: 不支持发行版本 1.8 -> [1m[Help 1][m
[[1;31mERROR[m] 
[[1;31mERROR[m] To see the full stack trace of the errors, re-run Maven with the [1m-e[m switch.
[[1;31mERROR[m] Re-run Maven using the [1m-X[m switch to enable full debug logging.
[[1;31mERROR[m] 
[[1;31mERROR[m] For more information about the errors and possible solutions, please read the following articles:
[[1;31mERROR[m] [1m[Help 1][m http://cwiki.apache.org/confluence/display/MAVEN/MojoExecutionException
[shiro-weixin-spring-boot-starter/3.3.x] 失败 - 查看日志
[[1;34mINFO[m] Scanning for projects...
[[1;34mINFO[m] 
[[1;34mINFO[m] [1m---------< [0;36mio.github.hiwepy:shiro-weixin-spring-boot-starter[0;1m >---------[m
[[1;34mINFO[m] [1mBuilding io.github.hiwepy:shiro-weixin-spring-boot-starter 4.0.x.20251227-SNAPSHOT[m
[[1;34mINFO[m] [1m--------------------------------[ jar ]---------------------------------[m
[[1;34mINFO[m] 
[[1;34mINFO[m] [1m--- [0;32mmaven-clean-plugin:3.4.0:clean[m [1m(default-clean)[m @ [36mshiro-weixin-spring-boot-starter[0;1m ---[m
[[1;34mINFO[m] Deleting /Users/wandl/workspaces/workspace-ddd4j/workspace-ddd4j-boot-starters/shiro-weixin-spring-boot-starter/target
[[1;34mINFO[m] 
[[1;34mINFO[m] [1m--- [0;32mmaven-enforcer-plugin:3.5.0:enforce[m [1m(default-cli)[m @ [36mshiro-weixin-spring-boot-starter[0;1m ---[m
[[1;34mINFO[m] Rule 0: org.apache.maven.enforcer.rules.version.RequireMavenVersion passed
[[1;34mINFO[m] Rule 1: org.apache.maven.enforcer.rules.version.RequireJavaVersion passed
[[1;34mINFO[m] 
[[1;34mINFO[m] [1m--- [0;32mmaven-resources-plugin:3.3.1:resources[m [1m(default-resources)[m @ [36mshiro-weixin-spring-boot-starter[0;1m ---[m
[[1;34mINFO[m] Copying 0 resource from src/main/resources to target/classes
[[1;34mINFO[m] Copying 3 resources from src/main/resources to target/classes
[[1;34mINFO[m] 
[[1;34mINFO[m] [1m--- [0;32mmaven-compiler-plugin:3.13.0:compile[m [1m(default-compile)[m @ [36mshiro-weixin-spring-boot-starter[0;1m ---[m
[[1;34mINFO[m] Recompiling the module because of [1mchanged source code[m.
[[1;34mINFO[m] Compiling 21 source files with javac [debug parameters release 1.8] to target/classes
[[1;34mINFO[m] [1m------------------------------------------------------------------------[m
[[1;34mINFO[m] [1;31mBUILD FAILURE[m
[[1;34mINFO[m] [1m------------------------------------------------------------------------[m
[[1;34mINFO[m] Total time:  0.451 s
[[1;34mINFO[m] Finished at: 2026-03-16T14:15:28+08:00
[[1;34mINFO[m] [1m------------------------------------------------------------------------[m
[[1;31mERROR[m] Failed to execute goal [32morg.apache.maven.plugins:maven-compiler-plugin:3.13.0:compile[m [1m(default-compile)[m on project [36mshiro-weixin-spring-boot-starter[m: [1;31mFatal error compiling[m: 错误: 不支持发行版本 1.8 -> [1m[Help 1][m
[[1;31mERROR[m] 
[[1;31mERROR[m] To see the full stack trace of the errors, re-run Maven with the [1m-e[m switch.
[[1;31mERROR[m] Re-run Maven using the [1m-X[m switch to enable full debug logging.
[[1;31mERROR[m] 
[[1;31mERROR[m] For more information about the errors and possible solutions, please read the following articles:
[[1;31mERROR[m] [1m[Help 1][m http://cwiki.apache.org/confluence/display/MAVEN/MojoExecutionException
[shiro-weixin-spring-boot-starter/3.4.x] 失败 - 查看日志
[[1;34mINFO[m] Scanning for projects...
[[1;34mINFO[m] 
[[1;34mINFO[m] [1m---------< [0;36mio.github.hiwepy:shiro-weixin-spring-boot-starter[0;1m >---------[m
[[1;34mINFO[m] [1mBuilding io.github.hiwepy:shiro-weixin-spring-boot-starter 4.0.x.20251227-SNAPSHOT[m
[[1;34mINFO[m] [1m--------------------------------[ jar ]---------------------------------[m
[[1;34mINFO[m] 
[[1;34mINFO[m] [1m--- [0;32mmaven-clean-plugin:3.4.0:clean[m [1m(default-clean)[m @ [36mshiro-weixin-spring-boot-starter[0;1m ---[m
[[1;34mINFO[m] Deleting /Users/wandl/workspaces/workspace-ddd4j/workspace-ddd4j-boot-starters/shiro-weixin-spring-boot-starter/target
[[1;34mINFO[m] 
[[1;34mINFO[m] [1m--- [0;32mmaven-enforcer-plugin:3.5.0:enforce[m [1m(default-cli)[m @ [36mshiro-weixin-spring-boot-starter[0;1m ---[m
[[1;34mINFO[m] Rule 0: org.apache.maven.enforcer.rules.version.RequireMavenVersion passed
[[1;34mINFO[m] Rule 1: org.apache.maven.enforcer.rules.version.RequireJavaVersion passed
[[1;34mINFO[m] 
[[1;34mINFO[m] [1m--- [0;32mmaven-resources-plugin:3.3.1:resources[m [1m(default-resources)[m @ [36mshiro-weixin-spring-boot-starter[0;1m ---[m
[[1;34mINFO[m] Copying 0 resource from src/main/resources to target/classes
[[1;34mINFO[m] Copying 3 resources from src/main/resources to target/classes
[[1;34mINFO[m] 
[[1;34mINFO[m] [1m--- [0;32mmaven-compiler-plugin:3.13.0:compile[m [1m(default-compile)[m @ [36mshiro-weixin-spring-boot-starter[0;1m ---[m
[[1;34mINFO[m] Recompiling the module because of [1mchanged source code[m.
[[1;34mINFO[m] Compiling 21 source files with javac [debug parameters release 1.8] to target/classes
[[1;34mINFO[m] [1m------------------------------------------------------------------------[m
[[1;34mINFO[m] [1;31mBUILD FAILURE[m
[[1;34mINFO[m] [1m------------------------------------------------------------------------[m
[[1;34mINFO[m] Total time:  0.463 s
[[1;34mINFO[m] Finished at: 2026-03-16T14:15:29+08:00
[[1;34mINFO[m] [1m------------------------------------------------------------------------[m
[[1;31mERROR[m] Failed to execute goal [32morg.apache.maven.plugins:maven-compiler-plugin:3.13.0:compile[m [1m(default-compile)[m on project [36mshiro-weixin-spring-boot-starter[m: [1;31mFatal error compiling[m: 错误: 不支持发行版本 1.8 -> [1m[Help 1][m
[[1;31mERROR[m] 
[[1;31mERROR[m] To see the full stack trace of the errors, re-run Maven with the [1m-e[m switch.
[[1;31mERROR[m] Re-run Maven using the [1m-X[m switch to enable full debug logging.
[[1;31mERROR[m] 
[[1;31mERROR[m] For more information about the errors and possible solutions, please read the following articles:
[[1;31mERROR[m] [1m[Help 1][m http://cwiki.apache.org/confluence/display/MAVEN/MojoExecutionException
[shiro-weixin-spring-boot-starter/3.5.x] 失败 - 查看日志
[[1;34mINFO[m] Scanning for projects...
[[1;34mINFO[m] 
[[1;34mINFO[m] [1m---------< [0;36mio.github.hiwepy:shiro-weixin-spring-boot-starter[0;1m >---------[m
[[1;34mINFO[m] [1mBuilding io.github.hiwepy:shiro-weixin-spring-boot-starter 4.0.x.20251227-SNAPSHOT[m
[[1;34mINFO[m] [1m--------------------------------[ jar ]---------------------------------[m
[[1;34mINFO[m] 
[[1;34mINFO[m] [1m--- [0;32mmaven-clean-plugin:3.4.0:clean[m [1m(default-clean)[m @ [36mshiro-weixin-spring-boot-starter[0;1m ---[m
[[1;34mINFO[m] Deleting /Users/wandl/workspaces/workspace-ddd4j/workspace-ddd4j-boot-starters/shiro-weixin-spring-boot-starter/target
[[1;34mINFO[m] 
[[1;34mINFO[m] [1m--- [0;32mmaven-enforcer-plugin:3.5.0:enforce[m [1m(default-cli)[m @ [36mshiro-weixin-spring-boot-starter[0;1m ---[m
[[1;34mINFO[m] Rule 0: org.apache.maven.enforcer.rules.version.RequireMavenVersion passed
[[1;34mINFO[m] Rule 1: org.apache.maven.enforcer.rules.version.RequireJavaVersion passed
[[1;34mINFO[m] 
[[1;34mINFO[m] [1m--- [0;32mmaven-resources-plugin:3.3.1:resources[m [1m(default-resources)[m @ [36mshiro-weixin-spring-boot-starter[0;1m ---[m
[[1;34mINFO[m] Copying 0 resource from src/main/resources to target/classes
[[1;34mINFO[m] Copying 3 resources from src/main/resources to target/classes
[[1;34mINFO[m] 
[[1;34mINFO[m] [1m--- [0;32mmaven-compiler-plugin:3.13.0:compile[m [1m(default-compile)[m @ [36mshiro-weixin-spring-boot-starter[0;1m ---[m
[[1;34mINFO[m] Recompiling the module because of [1mchanged source code[m.
[[1;34mINFO[m] Compiling 21 source files with javac [debug parameters release 1.8] to target/classes
[[1;34mINFO[m] [1m------------------------------------------------------------------------[m
[[1;34mINFO[m] [1;31mBUILD FAILURE[m
[[1;34mINFO[m] [1m------------------------------------------------------------------------[m
[[1;34mINFO[m] Total time:  0.452 s
[[1;34mINFO[m] Finished at: 2026-03-16T14:15:30+08:00
[[1;34mINFO[m] [1m------------------------------------------------------------------------[m
[[1;31mERROR[m] Failed to execute goal [32morg.apache.maven.plugins:maven-compiler-plugin:3.13.0:compile[m [1m(default-compile)[m on project [36mshiro-weixin-spring-boot-starter[m: [1;31mFatal error compiling[m: 错误: 不支持发行版本 1.8 -> [1m[Help 1][m
[[1;31mERROR[m] 
[[1;31mERROR[m] To see the full stack trace of the errors, re-run Maven with the [1m-e[m switch.
[[1;31mERROR[m] Re-run Maven using the [1m-X[m switch to enable full debug logging.
[[1;31mERROR[m] 
[[1;31mERROR[m] For more information about the errors and possible solutions, please read the following articles:
[[1;31mERROR[m] [1m[Help 1][m http://cwiki.apache.org/confluence/display/MAVEN/MojoExecutionException
[shiro-weixin-spring-boot-starter/4.0.x] 失败 - 查看日志
[shiro-weixin-spring-boot-starter/master] 失败 - 分支切换失败
